Microchip Technology Inc, vv1.24 (0)

Tool Name:
  /opt/microchip/xc16/v1.24/bin/bin/../bin/elf-ld

Command:
  -p33FJ256MC710 \
  -o \
  dist/default/production/Quadro.X.production.elf \
  -L/opt/microchip/xc16/v1.24/bin/bin/.. \
  -L/opt/microchip/xc16/v1.24/bin/bin/../../lib \
  -L/opt/microchip/xc16/v1.24/bin/bin/../../lib/PIC24E \
  -L/opt/microchip/xc16/v1.24/bin/bin/../../support/PIC24E/gld \
  -L/opt/microchip/xc16/v1.24/bin/bin/../../lib/PIC24F \
  -L/opt/microchip/xc16/v1.24/bin/bin/../../support/PIC24F/gld \
  -L/opt/microchip/xc16/v1.24/bin/bin/../../lib/PIC24H \
  -L/opt/microchip/xc16/v1.24/bin/bin/../../support/PIC24H/gld \
  -L/opt/microchip/xc16/v1.24/bin/bin/../../lib/dsPIC30F \
  -L/opt/microchip/xc16/v1.24/bin/bin/../../support/dsPIC30F/gld \
  -L/opt/microchip/xc16/v1.24/bin/bin/../../lib/dsPIC33E \
  -L/opt/microchip/xc16/v1.24/bin/bin/../../support/dsPIC33E/gld \
  -L/opt/microchip/xc16/v1.24/bin/bin/../../lib/dsPIC33F \
  -L/opt/microchip/xc16/v1.24/bin/bin/../../support/dsPIC33F/gld \
  build/default/production/qmain.o \
  build/default/production/motor_control.o \
  build/default/production/input_control.o \
  build/default/production/LCD.o \
  build/default/production/bmp180.o \
  build/default/production/hmc5883l.o \
  build/default/production/mpu6050.o \
  build/default/production/FAT32.o \
  build/default/production/SDcard.o \
  build/default/production/file_io.o \
  ../Libraries/Periphery_lib.X/dist/default/production/Periphery_lib.X.a \
  --defsym=__MPLAB_BUILD=1 \
  -Tp33FJ256MC710.gld.00 \
  --heap=512 \
  --stack=16 \
  --check-sections \
  --data-init \
  --pack-data \
  --handles \
  --isr \
  --no-gc-sections \
  --fill-upper=0 \
  --stackguard=16 \
  --no-force-link \
  --smart-io \
  -Map=dist/default/production/Quadro.X.production.map \
  --report-mem \
  -start-group \
  --library=pic30-elf \
  --library=fastm-elf \
  --library=c-elf \
  -end-group \

Archive member included because of file (symbol)

../Libraries/Periphery_lib.X/dist/default/production/Periphery_lib.X.a(twi.o)
                              build/default/production/qmain.o (_i2c_init)
../Libraries/Periphery_lib.X/dist/default/production/Periphery_lib.X.a(timing.o)
                              build/default/production/input_control.o (_delay_ms)
../Libraries/Periphery_lib.X/dist/default/production/Periphery_lib.X.a(UART.o)
                              build/default/production/qmain.o (_init_UART1)
../Libraries/Periphery_lib.X/dist/default/production/Periphery_lib.X.a(spi.o)
                              build/default/production/qmain.o (_spi_init)
../Libraries/Periphery_lib.X/dist/default/production/Periphery_lib.X.a(error.o)
                              build/default/production/qmain.o (_error_process)
../Libraries/Periphery_lib.X/dist/default/production/Periphery_lib.X.a(flash.o)
                              build/default/production/qmain.o (_flash_get)
/opt/microchip/xc16/v1.24/bin/bin/../../lib/libpic30-elf.a(crt0_standard.o)
                              (__resetPRI)
/opt/microchip/xc16/v1.24/bin/bin/../../lib/libpic30-elf.a(data_init_standard.o)
                              /opt/microchip/xc16/v1.24/bin/bin/../../lib/libpic30-elf.a(crt0_standard.o) (__data_init_standard)
/opt/microchip/xc16/v1.24/bin/bin/../../lib/libpic30-elf.a(flash_helper.eo)
                              ../Libraries/Periphery_lib.X/dist/default/production/Periphery_lib.X.a(flash.o) (__flash_helper1)
/opt/microchip/xc16/v1.24/bin/bin/../../lib/libpic30-elf.a(memcpy_helper.eo)
                              ../Libraries/Periphery_lib.X/dist/default/production/Periphery_lib.X.a(flash.o) (__memcpy_helper)
/opt/microchip/xc16/v1.24/bin/bin/../../lib/libfastm-elf.a(atan2f.eo)
                              build/default/production/qmain.o (_atan2f)
/opt/microchip/xc16/v1.24/bin/bin/../../lib/libfastm-elf.a(divsi3.eo)
                              build/default/production/qmain.o (___divsi3)
/opt/microchip/xc16/v1.24/bin/bin/../../lib/libfastm-elf.a(errno.eo)
                              /opt/microchip/xc16/v1.24/bin/bin/../../lib/libfastm-elf.a(atan2f.eo) (_errno)
/opt/microchip/xc16/v1.24/bin/bin/../../lib/libfastm-elf.a(fixsfsi.eo)
                              build/default/production/qmain.o (_(float, int, long long, short, float, short, int))
/opt/microchip/xc16/v1.24/bin/bin/../../lib/libfastm-elf.a(fixunssfsi.eo)
                              ../Libraries/Periphery_lib.X/dist/default/production/Periphery_lib.X.a(twi.o) (___fixunssfsi)
/opt/microchip/xc16/v1.24/bin/bin/../../lib/libfastm-elf.a(floatdisf.eo)
                              ../Libraries/Periphery_lib.X/dist/default/production/Periphery_lib.X.a(twi.o) (___floatdisf)
/opt/microchip/xc16/v1.24/bin/bin/../../lib/libfastm-elf.a(floatsisf.eo)
                              build/default/production/qmain.o (___floatsisf)
/opt/microchip/xc16/v1.24/bin/bin/../../lib/libfastm-elf.a(floatundisf.eo)
[...]
Memory Configuration

Name             Origin             Length             Attributes
data             0x000800           0x007800           a !xr
reset            0x000000           0x000004  
ivt              0x000004           0x0000fc  
_reserved        0x000100           0x000004  
aivt             0x000104           0x0000fc  
program          0x000200           0x02aa00           xr
FBS              0xf80000           0x000002  
FSS              0xf80002           0x000002  
FGS              0xf80004           0x000002  
FOSCSEL          0xf80006           0x000002  
FOSC             0xf80008           0x000002  
FWDT             0xf8000a           0x000002  
FPOR             0xf8000c           0x000002  
FICD             0xf8000e           0x000002  
FUID0            0xf80010           0x000002  
FUID1            0xf80012           0x000002  
FUID2            0xf80014           0x000002  
FUID3            0xf80016           0x000002  
*default*        0x000000           0xffffffff  

Linker script and memory map

LOAD build/default/production/qmain.o
LOAD build/default/production/motor_control.o
LOAD build/default/production/input_control.o
LOAD build/default/production/LCD.o
LOAD build/default/production/bmp180.o
LOAD build/default/production/hmc5883l.o
LOAD build/default/production/mpu6050.o
LOAD build/default/production/FAT32.o
LOAD build/default/production/SDcard.o
LOAD build/default/production/file_io.o
LOAD ../Libraries/Periphery_lib.X/dist/default/production/Periphery_lib.X.a
                    0x0001                  __MPLAB_BUILD = 0x1
LOAD /opt/microchip/xc16/v1.24/bin/bin/../../lib/dsPIC33F/libp33FJ256MC710-elf.a
LOAD /opt/microchip/xc16/v1.24/bin/bin/../../lib/libfx-elf.a
                    0xf80000                  __FBS = 0xf80000
                    0xf80002                  __FSS = 0xf80002
                    0xf80004                  __FGS = 0xf80004
                    0xf80006                  __FOSCSEL = 0xf80006
                    0xf80008                  __FOSC = 0xf80008
                    0xf8000a                  __FWDT = 0xf8000a
                    0xf8000c                  __FPOR = 0xf8000c
                    0xf8000e                  __FICD = 0xf8000e
                    0xf80010                  __FUID0 = 0xf80010
                    0xf80012                  __FUID1 = 0xf80012
                    0xf80014                  __FUID2 = 0xf80014
                    0xf80016                  __FUID3 = 0xf80016
                    0x0200                  __CODE_BASE = 0x200
                    0x2aa00                  __CODE_LENGTH = 0x2aa00
                    0x0004                  __IVT_BASE = 0x4
                    0x0104                  __AIVT_BASE = 0x104
                    0x0800                  __DATA_BASE = 0x800
                    0x7800                  __DATA_LENGTH = 0x7800
                    0x4800                  __YDATA_BASE = 0x4800
                    0x7800                  __DMA_BASE = 0x7800
                    0x7fff                  __DMA_END = 0x7fff

.reset            0x000000          0x4
                  0x000000          0x2 SHORT 0x200 ABSOLUTE (__reset)
                  0x000001          0x2 SHORT 0x4
                  0x000002          0x2 SHORT 0x0 ((ABSOLUTE (__reset) >> 0x10) & 0x7f)
                  0x000003          0x2 SHORT 0x0

.text             0x000200       0x32a4
 *(.init)
 .init            0x000200         0x3c /opt/microchip/xc16/v1.24/bin/bin/../../lib/libpic30-elf.a(crt0_standard.o)
                  0x000200                  __reset
                  0x000200                  __resetPRI
                  0x00022c                  __psv_init
 .init            0x00023c         0x5e /opt/microchip/xc16/v1.24/bin/bin/../../lib/libpic30-elf.a(data_init_standard.o)
                  0x00023c                  __data_init
                  0x00023c                  __data_init_standard
 *(.user_init)
 *(.handle)
 *(.isr*)
 .isr             0x00029a          0x4 default_isr
                  0x00029a                  __DefaultInterrupt
 *(.libc)
 .libc            0x00029e         0x60 /opt/microchip/xc16/v1.24/bin/bin/../../lib/libpic30-elf.a(write.eo)
                  0x00029e                  _write
 .libc            0x0002fe         0x28 /opt/microchip/xc16/v1.24/bin/bin/../../lib/libpic30-elf.a(sbrk.eo)
                  0x0002fe                  _sbrk
 .libc            0x000326         0x1c /opt/microchip/xc16/v1.24/bin/bin/../../lib/libpic30-elf.a(brk.elo)
                  0x000326                  _brk
 *(.libm)
 *(.libdsp)
 *(.lib*)
 .libc.flash_helper123456
                  0x000342         0x5a /opt/microchip/xc16/v1.24/bin/bin/../../lib/libpic30-elf.a(flash_helper.eo)
                  0x000342                  __flash_helper1
                  0x00035e                  __flash_helper2
                  0x000362                  __flash_helper3
                  0x000386                  __flash_helper4
                  0x000388                  __flash_helper5
                  0x000396                  __flash_helper6
 .libc.memcpy_helper
                  0x00039c         0x36 /opt/microchip/xc16/v1.24/bin/bin/../../lib/libpic30-elf.a(memcpy_helper.eo)
                  0x00039c                  __memcpy_helper
 .libm.atanf      0x0003d2         0x3a /opt/microchip/xc16/v1.24/bin/bin/../../lib/libfastm-elf.a(atan2f.eo)
                  0x0003d2                  _atan2f
 .libm.divsi3     0x00040c         0x1e /opt/microchip/xc16/v1.24/bin/bin/../../lib/libfastm-elf.a(divsi3.eo)
                  0x00040c                  ___divsi3
 .libm.fixsfsi    0x00042a         0x42 /opt/microchip/xc16/v1.24/bin/bin/../../lib/libfastm-elf.a(fixsfsi.eo)
                  0x00042a                  _(float, int, long long, short, float, short, int)
 .libm.fixunssfsi
                  0x00046c         0x36 /opt/microchip/xc16/v1.24/bin/bin/../../lib/libfastm-elf.a(fixunssfsi.eo)
                  0x00046c                  ___fixunssfsi
 .libm.floatdisf
                  0x0004a2         0x20 /opt/microchip/xc16/v1.24/bin/bin/../../lib/libfastm-elf.a(floatdisf.eo)
                  0x0004a2                  ___floatdisf
 .libm.floatsisf
                  0x0004c2          0x6 /opt/microchip/xc16/v1.24/bin/bin/../../lib/libfastm-elf.a(floatsisf.eo)
                  0x0004c2                  ___floatsisf
 .libm.floatundisf
                  0x0004c8         0x5e /opt/microchip/xc16/v1.24/bin/bin/../../lib/libfastm-elf.a(floatundisf.eo)
                  0x0004c8                  ___floatundisf
 .libm.floatunsisf
                  0x000526          0x4 /opt/microchip/xc16/v1.24/bin/bin/../../lib/libfastm-elf.a(floatunsisf.eo)
                  0x000526                  ___floatunsisf
 .libm.fpack      0x00052a         0x4c /opt/microchip/xc16/v1.24/bin/bin/../../lib/libfastm-elf.a(fpack.eo)
                  0x00052a                  __fpack
 .libm.funpack    0x000576         0x2a /opt/microchip/xc16/v1.24/bin/bin/../../lib/libfastm-elf.a(funpack.eo)
                  0x000576                  __funpack
 .libm.funpack2
                  0x0005a0         0x10 /opt/microchip/xc16/v1.24/bin/bin/../../lib/libfastm-elf.a(funpack2.eo)
                  0x0005a0                  __funpack2
 .libm.fPropagateNaN
                  0x0005b0         0x12 /opt/microchip/xc16/v1.24/bin/bin/../../lib/libfastm-elf.a(futil.eo)
                  0x0005b0                  __fPropagateNaN
 .libm.fbobExit
                  0x0005c2          0x8 /opt/microchip/xc16/v1.24/bin/bin/../../lib/libfastm-elf.a(futil.eo)
                  0x0005c2                  __fbopExit
 .libm.fbopReturnNaN
                  0x0005ca          0x6 /opt/microchip/xc16/v1.24/bin/bin/../../lib/libfastm-elf.a(futil.eo)
                  0x0005ca                  __fbopReturnNaN
 .libm.powf       0x0005d0        0x1c6 /opt/microchip/xc16/v1.24/bin/bin/../../lib/libfastm-elf.a(powf.eo)
                  0x0005d0                  _powf
 .libm.__PplusBdi
                  0x000796         0x28 /opt/microchip/xc16/v1.24/bin/bin/../../lib/libfastm-elf.a(divmoddi3.eo)
 .libm.__PminusBdi
                  0x0007be         0x4a /opt/microchip/xc16/v1.24/bin/bin/../../lib/libfastm-elf.a(divmoddi3.eo)
 .libm.__udivmoddi3
                  0x000808         0xe4 /opt/microchip/xc16/v1.24/bin/bin/../../lib/libfastm-elf.a(divmoddi3.eo)
                  0x000808                  ___udivmoddi3
 .libm.__udivdi3
                  0x0008ec          0xe /opt/microchip/xc16/v1.24/bin/bin/../../lib/libfastm-elf.a(divmoddi3.eo)
                  0x0008ec                  ___udivdi3
 .libm.__umoddi3
                  0x0008fa          0x8 /opt/microchip/xc16/v1.24/bin/bin/../../lib/libfastm-elf.a(divmoddi3.eo)
                  0x0008fa                  ___umoddi3
 .libm.__divdi3
                  0x000902         0x60 /opt/microchip/xc16/v1.24/bin/bin/../../lib/libfastm-elf.a(divmoddi3.eo)
                  0x000902                  ___divdi3
 .libm.__moddi3
                  0x000962         0x5c /opt/microchip/xc16/v1.24/bin/bin/../../lib/libfastm-elf.a(divmoddi3.eo)
                  0x000962                  ___moddi3
 .libm.__muldi3
                  0x0009be         0x52 /opt/microchip/xc16/v1.24/bin/bin/../../lib/libfastm-elf.a(muldi3.eo)
                  0x0009be                  ___muldi3
 .libmx           0x000a10        0x112 /opt/microchip/xc16/v1.24/bin/bin/../../lib/libfastm-elf.a(logfx.eo)
                  0x000a10                  _log10fx
                  0x000a10                  _log10f
                  0x000a14                  _logfx
                  0x000a14                  _logf
 .libmx           0x000b22         0x34 /opt/microchip/xc16/v1.24/bin/bin/../../lib/libfastm-elf.a(typefx.eo)
                  0x000b22                  __typef
 .libmx           0x000b56        0x1dc /opt/microchip/xc16/v1.24/bin/bin/../../lib/libfastm-elf.a(addsf3x.eo)
                  0x000b56                  ___subsf3
                  0x000b56                  ___subsf3x
                  0x000b68                  ___addsf3
                  0x000b68                  ___addsf3x
 .libmx           0x000d32        0x10c /opt/microchip/xc16/v1.24/bin/bin/../../lib/libfastm-elf.a(mulsf3x.eo)
                  0x000d32                  ___mulsf3
                  0x000d32                  ___mulsf3x
 .libmx           0x000e3e         0x86 /opt/microchip/xc16/v1.24/bin/bin/../../lib/libfastm-elf.a(spolyfbx.eo)
                  0x000e3e                  __spolyfb
 .libmx           0x000ec4         0xda /opt/microchip/xc16/v1.24/bin/bin/../../lib/libfastm-elf.a(udivsi3x.eo)
                  0x000ec4                  ___udivsi3x
                  0x000ec4                  ___udivsi3
 .libmx           0x000f9e         0x48 /opt/microchip/xc16/v1.24/bin/bin/../../lib/libfastm-elf.a(norm3sx.eo)
                  0x000f9e                  __norm3s
 .libmx           0x000fe6         0x3a /opt/microchip/xc16/v1.24/bin/bin/../../lib/libfastm-elf.a(slmulx.eo)
                  0x000fe6                  __slmul
 .libmx           0x001020          0x6 /opt/microchip/xc16/v1.24/bin/bin/../../lib/libfastm-elf.a(umodsi3x.eo)
                  0x001020                  ___umodsi3
                  0x001020                  ___umodsi3x
 .libmx           0x001026        0x11e /opt/microchip/xc16/v1.24/bin/bin/../../lib/libfastm-elf.a(atanfx.eo)
                  0x001026                  _atanf
                  0x001026                  _atanfx
 .libmx           0x001144        0x130 /opt/microchip/xc16/v1.24/bin/bin/../../lib/libfastm-elf.a(smaddfx.eo)
                  0x001144                  __srmsubf
                  0x00114a                  __smsubf
                  0x00114e                  __smaddf
 .libmx           0x001274         0x5e /opt/microchip/xc16/v1.24/bin/bin/../../lib/libfastm-elf.a(unpackdnrmfx.eo)
                  0x001274                  __unpackdnrmf
 .libmx           0x0012d2        0x1be /opt/microchip/xc16/v1.24/bin/bin/../../lib/libfastm-elf.a(divsf3x.eo)
                  0x0012d2                  ___divsf3x
                  0x0012d2                  ___divsf3
                  0x001464                  __sdivf
 .libmx           0x001490         0x12 /opt/microchip/xc16/v1.24/bin/bin/../../lib/libfastm-elf.a(propnanfx.eo)
                  0x001490                  __propnanf
 .libmx           0x0014a2         0x56 /opt/microchip/xc16/v1.24/bin/bin/../../lib/libfastm-elf.a(smulfx.eo)
                  0x0014a2                  __smulf
 .libmx           0x0014f8         0x7c /opt/microchip/xc16/v1.24/bin/bin/../../lib/libfastm-elf.a(sqrtfx.eo)
                  0x0014f8                  _sqrtfx
                  0x0014f8                  _sqrtf
 .libmx           0x001574         0x66 /opt/microchip/xc16/v1.24/bin/bin/../../lib/libfastm-elf.a(unpackfx.eo)
                  0x001574                  __unpackf
 .libmx           0x0015da         0x54 /opt/microchip/xc16/v1.24/bin/bin/../../lib/libfastm-elf.a(dnrmpackfx.eo)
                  0x0015da                  __dnrmpackf
 .libmx           0x00162e         0xa0 /opt/microchip/xc16/v1.24/bin/bin/../../lib/libfastm-elf.a(saddfx.eo)
                  0x00162e                  __srsubf
                  0x001634                  __ssubf
                  0x001638                  __saddf
 .libmx           0x0016ce         0xa6 /opt/microchip/xc16/v1.24/bin/bin/../../lib/libfastm-elf.a(spackfx.eo)
                  0x0016ce                  __spackf
 .libmx           0x001774         0xd6 /opt/microchip/xc16/v1.24/bin/bin/../../lib/libfastm-elf.a(ssqrtfx.eo)
                  0x001774                  __ssqrtf
 .libmx           0x00184a        0x12c /opt/microchip/xc16/v1.24/bin/bin/../../lib/libfastm-elf.a(expfx.eo)
                  0x00184a                  _expf
                  0x00184a                  _expfx
                  0x0018e6                  __sexpf
 .libmx           0x001976         0x54 /opt/microchip/xc16/v1.24/bin/bin/../../lib/libfastm-elf.a(sfloatfsix.eo)
                  0x001976                  __sfloatfsi
 .libm.frexpf     0x0019ca         0x1a /opt/microchip/xc16/v1.24/bin/bin/../../lib/libfastm-elf.a(_frexpf.eo)
                  0x0019ca                  __frexpf
 .libm.fchop      0x0019e4         0x4e /opt/microchip/xc16/v1.24/bin/bin/../../lib/libfastm-elf.a(fchop.eo)
                  0x0019e4                  __fchop
 .libm.eqsf2      0x001a32          0x4 /opt/microchip/xc16/v1.24/bin/bin/../../lib/libfastm-elf.a(feqltle.eo)
                  0x001a32                  ___lesf2
                  0x001a32                  ___eqsf2
                  0x001a32                  ___ltsf2
 .libm.ldexpf     0x001a36         0x44 /opt/microchip/xc16/v1.24/bin/bin/../../lib/libfastm-elf.a(ldexpf.eo)
                  0x001a36                  _ldexpf
 .libm.umuldi3    0x001a7a         0x44 /opt/microchip/xc16/v1.24/bin/bin/../../lib/libfastm-elf.a(umuldi3.eo)
                  0x001a7a                  ___umuldi3
 .libmx           0x001abe         0x62 /opt/microchip/xc16/v1.24/bin/bin/../../lib/libfastm-elf.a(sintrndfx.eo)
                  0x001abe                  __sintrndf
 .libmx           0x001b20         0x74 /opt/microchip/xc16/v1.24/bin/bin/../../lib/libfastm-elf.a(norm4sx.eo)
                  0x001b20                  __norm4s
 .libmx           0x001b94         0x1c /opt/microchip/xc16/v1.24/bin/bin/../../lib/libfastm-elf.a(spolyfx.eo)
                  0x001b94                  __spolyf
 .libmx           0x001bb0         0x46 /opt/microchip/xc16/v1.24/bin/bin/../../lib/libfastm-elf.a(spolyf0x.eo)
                  0x001bb0                  __spolyf0
 .libm.fcompare
                  0x001bf6         0x36 /opt/microchip/xc16/v1.24/bin/bin/../../lib/libfastm-elf.a(fcompare.eo)
                  0x001bf6                  __fcompare
 .libmx           0x001c2c         0x4a /opt/microchip/xc16/v1.24/bin/bin/../../lib/libfastm-elf.a(spolyf1x.eo)
                  0x001c2c                  __spolyf1
 .libmx           0x001c76         0x4c /opt/microchip/xc16/v1.24/bin/bin/../../lib/libfastm-elf.a(spolyfm1x.eo)
                  0x001c76                  __spolyfm1
 .libc.malloc     0x001cc2        0x11c /opt/microchip/xc16/v1.24/bin/bin/../../lib/libc-elf.a(malloc.eo)
                  0x001cc2                  _malloc
 .libc.free       0x001dde         0x16 /opt/microchip/xc16/v1.24/bin/bin/../../lib/libc-elf.a(malloc.eo)
                  0x001dde                  _free
 .libc.realloc    0x001df4         0x7e /opt/microchip/xc16/v1.24/bin/bin/../../lib/libc-elf.a(malloc.eo)
                  0x001df4                  _realloc
 .libc.memcpy     0x001e72          0xe /opt/microchip/xc16/v1.24/bin/bin/../../lib/libc-elf.a(memcpy.eo)
                  0x001e72                  _memcpy
 .libc.memset     0x001e80          0xe /opt/microchip/xc16/v1.24/bin/bin/../../lib/libc-elf.a(memset.eo)
                  0x001e80                  _memset
 .libc._sprintf_cdfFnopuxX
                  0x001e8e         0x2c /opt/microchip/xc16/v1.24/bin/bin/../../lib/libc-elf.a(sprintf_cdfFnopuxX.XXeo)
                  0x001e8e                  __sprintf_cdfFnopuxX
                  0x001e8e                  __sprintf_cdnopuxX
 .libc.fround     0x001eba         0xba /opt/microchip/xc16/v1.24/bin/bin/../../lib/libc-elf.a(doprnt_cdfFnopuxX.XXeo)
 .libc.scale      0x001f74         0xc0 /opt/microchip/xc16/v1.24/bin/bin/../../lib/libc-elf.a(doprnt_cdfFnopuxX.XXeo)
 .libc._vfprintf_cdfFnopuxX
                  0x002034        0xbea /opt/microchip/xc16/v1.24/bin/bin/../../lib/libc-elf.a(doprnt_cdfFnopuxX.XXeo)
                  0x002034                  __vfprintf_cdnopuxX
                  0x002034                  __vfprintf_cdfFnopuxX
 .libc.fputc      0x002c1e         0x88 /opt/microchip/xc16/v1.24/bin/bin/../../lib/libc-elf.a(fputc.eo)
                  0x002c1e                  _fputc
 .libc._flsbuf    0x002ca6         0x84 /opt/microchip/xc16/v1.24/bin/bin/../../lib/libc-elf.a(flsbuf.eo)
                  0x002ca6                  __flsbuf
 .libc.dowrite    0x002d2a          0x4 /opt/microchip/xc16/v1.24/bin/bin/../../lib/libpic30-elf.a(write.eo)
 .libm.eqdf2      0x002d2e          0xa /opt/microchip/xc16/v1.24/bin/bin/../../lib/libfastm-elf.a(deqltle.eo)
                  0x002d2e                  ___ledf2
                  0x002d2e                  ___eqdf2
                  0x002d2e                  ___ltdf2
 .libm.gtdf2      0x002d38          0xa /opt/microchip/xc16/v1.24/bin/bin/../../lib/libfastm-elf.a(dgtge.eo)
                  0x002d38                  ___gedf2
                  0x002d38                  ___gtdf2
 .libm.nedf2      0x002d42          0xa /opt/microchip/xc16/v1.24/bin/bin/../../lib/libfastm-elf.a(dne.eo)
                  0x002d42                  ___nedf2
 .libm.extendsfdf2
                  0x002d4c         0x3e /opt/microchip/xc16/v1.24/bin/bin/../../lib/libfastm-elf.a(extendsfdf.eo)
                  0x002d4c                  ___extendsfdf2
 .libm.fixunsdfdi
                  0x002d8a         0x62 /opt/microchip/xc16/v1.24/bin/bin/../../lib/libfastm-elf.a(fixunsdfdi.eo)
                  0x002d8a                  ___fixunsdfdi
 .libm.floatundidf
                  0x002dec         0x56 /opt/microchip/xc16/v1.24/bin/bin/../../lib/libfastm-elf.a(floatundidf.eo)
                  0x002dec                  ___floatundidf
 .libm.mulsi3     0x002e42          0xc /opt/microchip/xc16/v1.24/bin/bin/../../lib/libfastm-elf.a(mulsi3.eo)
                  0x002e42                  ___mulp32eds3
                  0x002e42                  ___mulp32peds3
                  0x002e42                  ___mulsi3
 .lib_dpfops      0x002e4e         0x98 /opt/microchip/xc16/v1.24/bin/bin/../../lib/libfastm-elf.a(dpadd.eo)
                  0x002e4e                  ___subdf3
                  0x002e50                  ___adddf3
 .lib_dpfops      0x002ee6        0x15e /opt/microchip/xc16/v1.24/bin/bin/../../lib/libfastm-elf.a(dpdiv.eo)
                  0x002ee6                  ___divdf3
 .lib_dpfops      0x003044        0x11a /opt/microchip/xc16/v1.24/bin/bin/../../lib/libfastm-elf.a(dpmul.eo)
                  0x003044                  ___muldf3
 .lib_dpfops      0x00315e        0x128 /opt/microchip/xc16/v1.24/bin/bin/../../lib/libfastm-elf.a(dpsubs.eo)
                  0x003178                  __dxchg
                  0x003186                  __drshft
                  0x0031e0                  __dupchk
                  0x003242                  __drndex
                  0x00324c                  __dnsrnd
                  0x003278                  __dpakex
 .libfd.frexpl    0x003286          0x2 /opt/microchip/xc16/v1.24/bin/bin/../../lib/libfastm-elf.a(frexpl.eo)
                  0x003286                  _frexpl
 .libfd.frexp     0x003288         0xb2 /opt/microchip/xc16/v1.24/bin/bin/../../lib/libfastm-elf.a(s_frexp.eo)
                  0x003288                  _frexp
 .libm.dcompare
                  0x00333a         0x52 /opt/microchip/xc16/v1.24/bin/bin/../../lib/libfastm-elf.a(dcompare.eo)
                  0x00333a                  __dcompare
 .libm.dpack      0x00338c         0x58 /opt/microchip/xc16/v1.24/bin/bin/../../lib/libfastm-elf.a(dpack.eo)
                  0x00338c                  __dpack
 .libm.dtype      0x0033e4         0x24 /opt/microchip/xc16/v1.24/bin/bin/../../lib/libfastm-elf.a(dtype.eo)
                  0x0033e4                  __dtype
 .libm.dunpack    0x003408         0x4e /opt/microchip/xc16/v1.24/bin/bin/../../lib/libfastm-elf.a(dunpack.eo)
                  0x003408                  __dunpack
 .libm.dunpack2
                  0x003456         0x32 /opt/microchip/xc16/v1.24/bin/bin/../../lib/libfastm-elf.a(dunpack2.eo)
                  0x003456                  __dunpack2
                  0x003478                  __dreturnNaN
                  0x00347e                  __dunpack2exit
 .libm.dPropagateNaN
                  0x003488         0x1c /opt/microchip/xc16/v1.24/bin/bin/../../lib/libfastm-elf.a(dpropagateNaN.eo)
                  0x003488                  __dPropagateNaN

usercode
 *(usercode)

__FBS
 *(__FBS.sec*)

__FSS
 *(__FSS.sec*)

__FGS
 *(__FGS.sec*)

__FOSCSEL         0xf80006          0x2
 *(__FOSCSEL.sec*)
 __FOSCSEL.sec    0xf80006          0x2 build/default/production/qmain.o

__FOSC            0xf80008          0x2
 *(__FOSC.sec*)
 __FOSC.sec       0xf80008          0x2 build/default/production/qmain.o

__FWDT            0xf8000a          0x2
 *(__FWDT.sec*)
 __FWDT.sec       0xf8000a          0x2 build/default/production/qmain.o

__FPOR
 *(__FPOR.sec*)

__FICD
 *(__FICD.sec*)

__FUID0
 *(__FUID0.sec*)

__FUID1
 *(__FUID1.sec*)

__FUID2
 *(__FUID2.sec*)

__FUID3
 *(__FUID3.sec*)

.comment
 *(.comment)

.debug_info       0x000000       0xb53b
 *(.debug_info)
 .debug_info      0x000000       0x1454 build/default/production/qmain.o
 .debug_info      0x001454        0xae1 build/default/production/motor_control.o
 .debug_info      0x001f35       0x2608 build/default/production/input_control.o
 .debug_info      0x00453d        0x7ea build/default/production/LCD.o
 .debug_info      0x004d27        0x88f build/default/production/bmp180.o
 .debug_info      0x0055b6        0x7b8 build/default/production/hmc5883l.o
 .debug_info      0x005d6e        0xc84 build/default/production/mpu6050.o
 .debug_info      0x0069f2        0xed4 build/default/production/FAT32.o
 .debug_info      0x0078c6        0x4f3 build/default/production/SDcard.o
 .debug_info      0x007db9        0x835 build/default/production/file_io.o
 .debug_info      0x0085ee        0xa46 ../Libraries/Periphery_lib.X/dist/default/production/Periphery_lib.X.a(twi.o)
 .debug_info      0x009034        0xa07 ../Libraries/Periphery_lib.X/dist/default/production/Periphery_lib.X.a(timing.o)
 .debug_info      0x009a3b        0xba7 ../Libraries/Periphery_lib.X/dist/default/production/Periphery_lib.X.a(UART.o)
 .debug_info      0x00a5e2        0xa67 ../Libraries/Periphery_lib.X/dist/default/production/Periphery_lib.X.a(spi.o)
 .debug_info      0x00b049        0x28f ../Libraries/Periphery_lib.X/dist/default/production/Periphery_lib.X.a(error.o)
 .debug_info      0x00b2d8        0x263 ../Libraries/Periphery_lib.X/dist/default/production/Periphery_lib.X.a(flash.o)
 *(.gnu.linkonce.wi.*)

.debug_abbrev     0x000000       0x1499
 *(.debug_abbrev)
 .debug_abbrev    0x000000        0x208 build/default/production/qmain.o
 .debug_abbrev    0x000208        0x134 build/default/production/motor_control.o
 .debug_abbrev    0x00033c        0x1fc build/default/production/input_control.o
 .debug_abbrev    0x000538        0x10d build/default/production/LCD.o
 .debug_abbrev    0x000645        0x14e build/default/production/bmp180.o
 .debug_abbrev    0x000793        0x130 build/default/production/hmc5883l.o
 .debug_abbrev    0x0008c3        0x17a build/default/production/mpu6050.o
 .debug_abbrev    0x000a3d        0x1e5 build/default/production/FAT32.o
 .debug_abbrev    0x000c22         0xcb build/default/production/SDcard.o
 .debug_abbrev    0x000ced        0x194 build/default/production/file_io.o
 .debug_abbrev    0x000e81        0x13a ../Libraries/Periphery_lib.X/dist/default/production/Periphery_lib.X.a(twi.o)
 .debug_abbrev    0x000fbb        0x124 ../Libraries/Periphery_lib.X/dist/default/production/Periphery_lib.X.a(timing.o)
 .debug_abbrev    0x0010df        0x14c ../Libraries/Periphery_lib.X/dist/default/production/Periphery_lib.X.a(UART.o)
 .debug_abbrev    0x00122b        0x140 ../Libraries/Periphery_lib.X/dist/default/production/Periphery_lib.X.a(spi.o)
 .debug_abbrev    0x00136b         0x7d ../Libraries/Periphery_lib.X/dist/default/production/Periphery_lib.X.a(error.o)
 .debug_abbrev    0x0013e8         0xb1 ../Libraries/Periphery_lib.X/dist/default/production/Periphery_lib.X.a(flash.o)

.debug_line       0x000000       0x48e6
 *(.debug_line)
 .debug_line      0x000000        0x5f6 build/default/production/qmain.o
 .debug_line      0x0005f6        0x329 build/default/production/motor_control.o
 .debug_line      0x00091f        0xa8e build/default/production/input_control.o
 .debug_line      0x0013ad        0x31b build/default/production/LCD.o
 .debug_line      0x0016c8        0x5c4 build/default/production/bmp180.o
 .debug_line      0x001c8c        0x2ce build/default/production/hmc5883l.o
 .debug_line      0x001f5a        0x7a2 build/default/production/mpu6050.o
 .debug_line      0x0026fc        0x86b build/default/production/FAT32.o
 .debug_line      0x002f67        0x46f build/default/production/SDcard.o
 .debug_line      0x0033d6        0x55e build/default/production/file_io.o
 .debug_line      0x003934        0x589 ../Libraries/Periphery_lib.X/dist/default/production/Periphery_lib.X.a(twi.o)
 .debug_line      0x003ebd        0x2b2 ../Libraries/Periphery_lib.X/dist/default/production/Periphery_lib.X.a(timing.o)
 .debug_line      0x00416f        0x33a ../Libraries/Periphery_lib.X/dist/default/production/Periphery_lib.X.a(UART.o)
 .debug_line      0x0044a9        0x250 ../Libraries/Periphery_lib.X/dist/default/production/Periphery_lib.X.a(spi.o)
 .debug_line      0x0046f9         0xa7 ../Libraries/Periphery_lib.X/dist/default/production/Periphery_lib.X.a(error.o)
 .debug_line      0x0047a0        0x146 ../Libraries/Periphery_lib.X/dist/default/production/Periphery_lib.X.a(flash.o)

.debug_frame      0x000000        0xf64
 *(.debug_frame)
 .debug_frame     0x000000         0xfc build/default/production/qmain.o
 .debug_frame     0x0000fc         0x94 build/default/production/motor_control.o
 .debug_frame     0x000190        0x2cc build/default/production/input_control.o
 .debug_frame     0x00045c         0x74 build/default/production/LCD.o
 .debug_frame     0x0004d0        0x164 build/default/production/bmp180.o
 .debug_frame     0x000634         0xd8 build/default/production/hmc5883l.o
 .debug_frame     0x00070c        0x240 build/default/production/mpu6050.o
 .debug_frame     0x00094c        0x114 build/default/production/FAT32.o
 .debug_frame     0x000a60         0x54 build/default/production/SDcard.o
 .debug_frame     0x000ab4         0xb4 build/default/production/file_io.o
 .debug_frame     0x000b68        0x114 ../Libraries/Periphery_lib.X/dist/default/production/Periphery_lib.X.a(twi.o)
 .debug_frame     0x000c7c         0x74 ../Libraries/Periphery_lib.X/dist/default/production/Periphery_lib.X.a(timing.o)
 .debug_frame     0x000cf0        0x198 ../Libraries/Periphery_lib.X/dist/default/production/Periphery_lib.X.a(UART.o)
 .debug_frame     0x000e88         0x64 ../Libraries/Periphery_lib.X/dist/default/production/Periphery_lib.X.a(spi.o)
 .debug_frame     0x000eec         0x24 ../Libraries/Periphery_lib.X/dist/default/production/Periphery_lib.X.a(error.o)
 .debug_frame     0x000f10         0x54 ../Libraries/Periphery_lib.X/dist/default/production/Periphery_lib.X.a(flash.o)

.debug_str        0x000000        0x5c7
 *(.debug_str)
 .debug_str       0x000000         0x6e build/default/production/qmain.o
 .debug_str       0x00006e         0x60 build/default/production/motor_control.o
 .debug_str       0x0000ce        0x13d build/default/production/input_control.o
 .debug_str       0x00020b         0x47 build/default/production/LCD.o
 .debug_str       0x000252         0x1b build/default/production/hmc5883l.o
 .debug_str       0x00026d         0x79 build/default/production/mpu6050.o
 .debug_str       0x0002e6        0x179 build/default/production/FAT32.o
 .debug_str       0x00045f         0x2f build/default/production/SDcard.o
 .debug_str       0x00048e         0x33 build/default/production/file_io.o
 .debug_str       0x0004c1         0x3e ../Libraries/Periphery_lib.X/dist/default/production/Periphery_lib.X.a(twi.o)
 .debug_str       0x0004ff         0x35 ../Libraries/Periphery_lib.X/dist/default/production/Periphery_lib.X.a(timing.o)
 .debug_str       0x000534         0x41 ../Libraries/Periphery_lib.X/dist/default/production/Periphery_lib.X.a(UART.o)
 .debug_str       0x000575         0x3f ../Libraries/Periphery_lib.X/dist/default/production/Periphery_lib.X.a(spi.o)
 .debug_str       0x0005b4          0x9 ../Libraries/Periphery_lib.X/dist/default/production/Periphery_lib.X.a(error.o)
 .debug_str       0x0005bd          0xa ../Libraries/Periphery_lib.X/dist/default/production/Periphery_lib.X.a(flash.o)

.debug_loc
 *(.debug_loc)

.debug_macinfo
 *(.debug_macinfo)

.debug_pubnames
                  0x000000       0x11e5
 *(.debug_pubnames)
 .debug_pubnames
                  0x000000         0xcc build/default/production/qmain.o
 .debug_pubnames
                  0x0000cc         0xa4 build/default/production/motor_control.o
 .debug_pubnames
                  0x000170        0x145 build/default/production/input_control.o
 .debug_pubnames
                  0x0002b5         0xc7 build/default/production/LCD.o
 .debug_pubnames
                  0x00037c        0x1c3 build/default/production/bmp180.o
 .debug_pubnames
                  0x00053f        0x124 build/default/production/hmc5883l.o
 .debug_pubnames
                  0x000663        0x3ae build/default/production/mpu6050.o
 .debug_pubnames
                  0x000a11        0x2e1 build/default/production/FAT32.o
 .debug_pubnames
                  0x000cf2         0x75 build/default/production/SDcard.o
 .debug_pubnames
                  0x000d67         0xaf build/default/production/file_io.o
 .debug_pubnames
                  0x000e16        0x141 ../Libraries/Periphery_lib.X/dist/default/production/Periphery_lib.X.a(twi.o)
 .debug_pubnames
                  0x000f57         0x76 ../Libraries/Periphery_lib.X/dist/default/production/Periphery_lib.X.a(timing.o)
 .debug_pubnames
                  0x000fcd        0x14c ../Libraries/Periphery_lib.X/dist/default/production/Periphery_lib.X.a(UART.o)
 .debug_pubnames
                  0x001119         0x5b ../Libraries/Periphery_lib.X/dist/default/production/Periphery_lib.X.a(spi.o)
 .debug_pubnames
                  0x001174         0x24 ../Libraries/Periphery_lib.X/dist/default/production/Periphery_lib.X.a(error.o)
 .debug_pubnames
                  0x001198         0x4d ../Libraries/Periphery_lib.X/dist/default/production/Periphery_lib.X.a(flash.o)

.debug_ranges
 *(.debug_ranges)

.debug_aranges    0x000000        0x180
 *(.debug_aranges)
 .debug_aranges
                  0x000000         0x18 build/default/production/qmain.o
 .debug_aranges
                  0x000018         0x18 build/default/production/motor_control.o
 .debug_aranges
                  0x000030         0x18 build/default/production/input_control.o
 .debug_aranges
                  0x000048         0x18 build/default/production/LCD.o
 .debug_aranges
                  0x000060         0x18 build/default/production/bmp180.o
 .debug_aranges
                  0x000078         0x18 build/default/production/hmc5883l.o
 .debug_aranges
                  0x000090         0x18 build/default/production/mpu6050.o
 .debug_aranges
                  0x0000a8         0x18 build/default/production/FAT32.o
 .debug_aranges
                  0x0000c0         0x18 build/default/production/SDcard.o
 .debug_aranges
                  0x0000d8         0x18 build/default/production/file_io.o
 .debug_aranges
                  0x0000f0         0x18 ../Libraries/Periphery_lib.X/dist/default/production/Periphery_lib.X.a(twi.o)
 .debug_aranges
                  0x000108         0x18 ../Libraries/Periphery_lib.X/dist/default/production/Periphery_lib.X.a(timing.o)
 .debug_aranges
                  0x000120         0x18 ../Libraries/Periphery_lib.X/dist/default/production/Periphery_lib.X.a(UART.o)
 .debug_aranges
                  0x000138         0x18 ../Libraries/Periphery_lib.X/dist/default/production/Periphery_lib.X.a(spi.o)
 .debug_aranges
                  0x000150         0x18 ../Libraries/Periphery_lib.X/dist/default/production/Periphery_lib.X.a(error.o)
 .debug_aranges
                  0x000168         0x18 ../Libraries/Periphery_lib.X/dist/default/production/Periphery_lib.X.a(flash.o)

.ivt              0x000004         0xfc
                  0x000004          0x4 LONG 0x29a DEFINED (__ReservedTrap0)?ABSOLUTE (__ReservedTrap0):ABSOLUTE (__DefaultInterrupt)
                  0x000006          0x4 LONG 0x29a DEFINED (__OscillatorFail)?ABSOLUTE (__OscillatorFail):ABSOLUTE (__DefaultInterrupt)
                  0x000008          0x4 LONG 0x29a DEFINED (__AddressError)?ABSOLUTE (__AddressError):ABSOLUTE (__DefaultInterrupt)
                  0x00000a          0x4 LONG 0x29a DEFINED (__StackError)?ABSOLUTE (__StackError):ABSOLUTE (__DefaultInterrupt)
                  0x00000c          0x4 LONG 0x29a DEFINED (__MathError)?ABSOLUTE (__MathError):ABSOLUTE (__DefaultInterrupt)
                  0x00000e          0x4 LONG 0x29a DEFINED (__DMACError)?ABSOLUTE (__DMACError):ABSOLUTE (__DefaultInterrupt)
                  0x000010          0x4 LONG 0x29a DEFINED (__ReservedTrap6)?ABSOLUTE (__ReservedTrap6):ABSOLUTE (__DefaultInterrupt)
                  0x000012          0x4 LONG 0x29a DEFINED (__ReservedTrap7)?ABSOLUTE (__ReservedTrap7):ABSOLUTE (__DefaultInterrupt)
                  0x000014          0x4 LONG 0x29a DEFINED (__INT0Interrupt)?ABSOLUTE (__INT0Interrupt):ABSOLUTE (__DefaultInterrupt)
                  0x000016          0x4 LONG 0x4d52 DEFINED (__IC1Interrupt)?ABSOLUTE (__IC1Interrupt):ABSOLUTE (__DefaultInterrupt)
                  0x000018          0x4 LONG 0x29a DEFINED (__OC1Interrupt)?ABSOLUTE (__OC1Interrupt):ABSOLUTE (__DefaultInterrupt)
                  0x00001a          0x4 LONG 0x4aa2 DEFINED (__T1Interrupt)?ABSOLUTE (__T1Interrupt):ABSOLUTE (__DefaultInterrupt)
                  0x00001c          0x4 LONG 0x29a DEFINED (__DMA0Interrupt)?ABSOLUTE (__DMA0Interrupt):ABSOLUTE (__DefaultInterrupt)
                  0x00001e          0x4 LONG 0x4e0e DEFINED (__IC2Interrupt)?ABSOLUTE (__IC2Interrupt):ABSOLUTE (__DefaultInterrupt)
                  0x000020          0x4 LONG 0x29a DEFINED (__OC2Interrupt)?ABSOLUTE (__OC2Interrupt):ABSOLUTE (__DefaultInterrupt)
                  0x000022          0x4 LONG 0x29a DEFINED (__T2Interrupt)?ABSOLUTE (__T2Interrupt):ABSOLUTE (__DefaultInterrupt)
                  0x000024          0x4 LONG 0x47aa DEFINED (__T3Interrupt)?ABSOLUTE (__T3Interrupt):ABSOLUTE (__DefaultInterrupt)
                  0x000026          0x4 LONG 0x29a DEFINED (__SPI1ErrInterrupt)?ABSOLUTE (__SPI1ErrInterrupt):ABSOLUTE (__DefaultInterrupt)
                  0x000028          0x4 LONG 0x29a DEFINED (__SPI1Interrupt)?ABSOLUTE (__SPI1Interrupt):ABSOLUTE (__DefaultInterrupt)
                  0x00002a          0x4 LONG 0x7bd8 DEFINED (__U1RXInterrupt)?ABSOLUTE (__U1RXInterrupt):ABSOLUTE (__DefaultInterrupt)
                  0x00002c          0x4 LONG 0x29a DEFINED (__U1TXInterrupt)?ABSOLUTE (__U1TXInterrupt):ABSOLUTE (__DefaultInterrupt)
                  0x00002e          0x4 LONG 0x29a DEFINED (__ADC1Interrupt)?ABSOLUTE (__ADC1Interrupt):ABSOLUTE (__DefaultInterrupt)
                  0x000030          0x4 LONG 0x29a DEFINED (__DMA1Interrupt)?ABSOLUTE (__DMA1Interrupt):ABSOLUTE (__DefaultInterrupt)
                  0x000032          0x4 LONG 0x29a DEFINED (__Interrupt15)?ABSOLUTE (__Interrupt15):ABSOLUTE (__DefaultInterrupt)
                  0x000034          0x4 LONG 0x29a DEFINED (__SI2C1Interrupt)?ABSOLUTE (__SI2C1Interrupt):ABSOLUTE (__DefaultInterrupt)
                  0x000036          0x4 LONG 0x29a DEFINED (__MI2C1Interrupt)?ABSOLUTE (__MI2C1Interrupt):ABSOLUTE (__DefaultInterrupt)
                  0x000038          0x4 LONG 0x29a DEFINED (__CMPInterrupt)?ABSOLUTE (__CMPInterrupt):ABSOLUTE (__DefaultInterrupt)
                  0x00003a          0x4 LONG 0x29a DEFINED (__CNInterrupt)?ABSOLUTE (__CNInterrupt):ABSOLUTE (__DefaultInterrupt)
                  0x00003c          0x4 LONG 0x29a DEFINED (__INT1Interrupt)?ABSOLUTE (__INT1Interrupt):ABSOLUTE (__DefaultInterrupt)
                  0x00003e          0x4 LONG 0x29a DEFINED (__ADC2Interrupt)?ABSOLUTE (__ADC2Interrupt):ABSOLUTE (__DefaultInterrupt)
                  0x000040          0x4 LONG 0x29a DEFINED (__IC7Interrupt)?ABSOLUTE (__IC7Interrupt):ABSOLUTE (__DefaultInterrupt)
                  0x000042          0x4 LONG 0x29a DEFINED (__IC8Interrupt)?ABSOLUTE (__IC8Interrupt):ABSOLUTE (__DefaultInterrupt)
                  0x000044          0x4 LONG 0x29a DEFINED (__DMA2Interrupt)?ABSOLUTE (__DMA2Interrupt):ABSOLUTE (__DefaultInterrupt)
                  0x000046          0x4 LONG 0x29a DEFINED (__OC3Interrupt)?ABSOLUTE (__OC3Interrupt):ABSOLUTE (__DefaultInterrupt)
                  0x000048          0x4 LONG 0x29a DEFINED (__OC4Interrupt)?ABSOLUTE (__OC4Interrupt):ABSOLUTE (__DefaultInterrupt)
                  0x00004a          0x4 LONG 0x29a DEFINED (__T4Interrupt)?ABSOLUTE (__T4Interrupt):ABSOLUTE (__DefaultInterrupt)
                  0x00004c          0x4 LONG 0x6696 DEFINED (__T5Interrupt)?ABSOLUTE (__T5Interrupt):ABSOLUTE (__DefaultInterrupt)
                  0x00004e          0x4 LONG 0x29a DEFINED (__INT2Interrupt)?ABSOLUTE (__INT2Interrupt):ABSOLUTE (__DefaultInterrupt)
                  0x000050          0x4 LONG 0x29a DEFINED (__U2RXInterrupt)?ABSOLUTE (__U2RXInterrupt):ABSOLUTE (__DefaultInterrupt)
                  0x000052          0x4 LONG 0x29a DEFINED (__U2TXInterrupt)?ABSOLUTE (__U2TXInterrupt):ABSOLUTE (__DefaultInterrupt)
                  0x000054          0x4 LONG 0x29a DEFINED (__SPI2ErrInterrupt)?ABSOLUTE (__SPI2ErrInterrupt):ABSOLUTE (__DefaultInterrupt)
                  0x000056          0x4 LONG 0x29a DEFINED (__SPI2Interrupt)?ABSOLUTE (__SPI2Interrupt):ABSOLUTE (__DefaultInterrupt)
                  0x000058          0x4 LONG 0x29a DEFINED (__C1RxRdyInterrupt)?ABSOLUTE (__C1RxRdyInterrupt):ABSOLUTE (__DefaultInterrupt)
                  0x00005a          0x4 LONG 0x29a DEFINED (__C1Interrupt)?ABSOLUTE (__C1Interrupt):ABSOLUTE (__DefaultInterrupt)
                  0x00005c          0x4 LONG 0x29a DEFINED (__DMA3Interrupt)?ABSOLUTE (__DMA3Interrupt):ABSOLUTE (__DefaultInterrupt)
                  0x00005e          0x4 LONG 0x4eca DEFINED (__IC3Interrupt)?ABSOLUTE (__IC3Interrupt):ABSOLUTE (__DefaultInterrupt)
                  0x000060          0x4 LONG 0x4f86 DEFINED (__IC4Interrupt)?ABSOLUTE (__IC4Interrupt):ABSOLUTE (__DefaultInterrupt)
                  0x000062          0x4 LONG 0x5034 DEFINED (__IC5Interrupt)?ABSOLUTE (__IC5Interrupt):ABSOLUTE (__DefaultInterrupt)
                  0x000064          0x4 LONG 0x29a DEFINED (__IC6Interrupt)?ABSOLUTE (__IC6Interrupt):ABSOLUTE (__DefaultInterrupt)
                  0x000066          0x4 LONG 0x29a DEFINED (__OC5Interrupt)?ABSOLUTE (__OC5Interrupt):ABSOLUTE (__DefaultInterrupt)
                  0x000068          0x4 LONG 0x29a DEFINED (__OC6Interrupt)?ABSOLUTE (__OC6Interrupt):ABSOLUTE (__DefaultInterrupt)
                  0x00006a          0x4 LONG 0x29a DEFINED (__OC7Interrupt)?ABSOLUTE (__OC7Interrupt):ABSOLUTE (__DefaultInterrupt)
                  0x00006c          0x4 LONG 0x29a DEFINED (__OC8Interrupt)?ABSOLUTE (__OC8Interrupt):ABSOLUTE (__DefaultInterrupt)
                  0x00006e          0x4 LONG 0x29a DEFINED (__PMPInterrupt)?ABSOLUTE (__PMPInterrupt):ABSOLUTE (__DefaultInterrupt)
                  0x000070          0x4 LONG 0x29a DEFINED (__DMA4Interrupt)?ABSOLUTE (__DMA4Interrupt):ABSOLUTE (__DefaultInterrupt)
                  0x000072          0x4 LONG 0x29a DEFINED (__T6Interrupt)?ABSOLUTE (__T6Interrupt):ABSOLUTE (__DefaultInterrupt)
                  0x000074          0x4 LONG 0x29a DEFINED (__T7Interrupt)?ABSOLUTE (__T7Interrupt):ABSOLUTE (__DefaultInterrupt)
                  0x000076          0x4 LONG 0x29a DEFINED (__SI2C2Interrupt)?ABSOLUTE (__SI2C2Interrupt):ABSOLUTE (__DefaultInterrupt)
                  0x000078          0x4 LONG 0x29a DEFINED (__MI2C2Interrupt)?ABSOLUTE (__MI2C2Interrupt):ABSOLUTE (__DefaultInterrupt)
                  0x00007a          0x4 LONG 0x29a DEFINED (__T8Interrupt)?ABSOLUTE (__T8Interrupt):ABSOLUTE (__DefaultInterrupt)
                  0x00007c          0x4 LONG 0x29a DEFINED (__T9Interrupt)?ABSOLUTE (__T9Interrupt):ABSOLUTE (__DefaultInterrupt)
                  0x00007e          0x4 LONG 0x29a DEFINED (__INT3Interrupt)?ABSOLUTE (__INT3Interrupt):ABSOLUTE (__DefaultInterrupt)
                  0x000080          0x4 LONG 0x29a DEFINED (__INT4Interrupt)?ABSOLUTE (__INT4Interrupt):ABSOLUTE (__DefaultInterrupt)
                  0x000082          0x4 LONG 0x29a DEFINED (__C2RxRdyInterrupt)?ABSOLUTE (__C2RxRdyInterrupt):ABSOLUTE (__DefaultInterrupt)
                  0x000084          0x4 LONG 0x29a DEFINED (__C2Interrupt)?ABSOLUTE (__C2Interrupt):ABSOLUTE (__DefaultInterrupt)
                  0x000086          0x4 LONG 0x29a DEFINED (__PWMInterrupt)?ABSOLUTE (__PWMInterrupt):ABSOLUTE (__DefaultInterrupt)
                  0x000088          0x4 LONG 0x29a DEFINED (__QEIInterrupt)?ABSOLUTE (__QEIInterrupt):ABSOLUTE (__DefaultInterrupt)
                  0x00008a          0x4 LONG 0x29a DEFINED (__Interrupt59)?ABSOLUTE (__Interrupt59):ABSOLUTE (__DefaultInterrupt)
                  0x00008c          0x4 LONG 0x29a DEFINED (__Interrupt60)?ABSOLUTE (__Interrupt60):ABSOLUTE (__DefaultInterrupt)
                  0x00008e          0x4 LONG 0x29a DEFINED (__DMA5Interrupt)?ABSOLUTE (__DMA5Interrupt):ABSOLUTE (__DefaultInterrupt)
                  0x000090          0x4 LONG 0x29a DEFINED (__Interrupt62)?ABSOLUTE (__Interrupt62):ABSOLUTE (__DefaultInterrupt)
                  0x000092          0x4 LONG 0x29a DEFINED (__FLTAInterrupt)?ABSOLUTE (__FLTAInterrupt):ABSOLUTE (__DefaultInterrupt)
                  0x000094          0x4 LONG 0x29a DEFINED (__FLTBInterrupt)?ABSOLUTE (__FLTBInterrupt):ABSOLUTE (__DefaultInterrupt)
                  0x000096          0x4 LONG 0x29a DEFINED (__U1ErrInterrupt)?ABSOLUTE (__U1ErrInterrupt):ABSOLUTE (__DefaultInterrupt)
                  0x000098          0x4 LONG 0x29a DEFINED (__U2ErrInterrupt)?ABSOLUTE (__U2ErrInterrupt):ABSOLUTE (__DefaultInterrupt)
                  0x00009a          0x4 LONG 0x29a DEFINED (__CRCInterrupt)?ABSOLUTE (__CRCInterrupt):ABSOLUTE (__DefaultInterrupt)
                  0x00009c          0x4 LONG 0x29a DEFINED (__DMA6Interrupt)?ABSOLUTE (__DMA6Interrupt):ABSOLUTE (__DefaultInterrupt)
                  0x00009e          0x4 LONG 0x29a DEFINED (__DMA7Interrupt)?ABSOLUTE (__DMA7Interrupt):ABSOLUTE (__DefaultInterrupt)
                  0x0000a0          0x4 LONG 0x29a DEFINED (__C1TxReqInterrupt)?ABSOLUTE (__C1TxReqInterrupt):ABSOLUTE (__DefaultInterrupt)
                  0x0000a2          0x4 LONG 0x29a DEFINED (__C2TxReqInterrupt)?ABSOLUTE (__C2TxReqInterrupt):ABSOLUTE (__DefaultInterrupt)
                  0x0000a4          0x4 LONG 0x29a DEFINED (__Interrupt72)?ABSOLUTE (__Interrupt72):ABSOLUTE (__DefaultInterrupt)
                  0x0000a6          0x4 LONG 0x29a DEFINED (__Interrupt73)?ABSOLUTE (__Interrupt73):ABSOLUTE (__DefaultInterrupt)
                  0x0000a8          0x4 LONG 0x29a DEFINED (__Interrupt74)?ABSOLUTE (__Interrupt74):ABSOLUTE (__DefaultInterrupt)
                  0x0000aa          0x4 LONG 0x29a DEFINED (__Interrupt75)?ABSOLUTE (__Interrupt75):ABSOLUTE (__DefaultInterrupt)
                  0x0000ac          0x4 LONG 0x29a DEFINED (__Interrupt76)?ABSOLUTE (__Interrupt76):ABSOLUTE (__DefaultInterrupt)
                  0x0000ae          0x4 LONG 0x29a DEFINED (__Interrupt77)?ABSOLUTE (__Interrupt77):ABSOLUTE (__DefaultInterrupt)
                  0x0000b0          0x4 LONG 0x29a DEFINED (__Interrupt78)?ABSOLUTE (__Interrupt78):ABSOLUTE (__DefaultInterrupt)
                  0x0000b2          0x4 LONG 0x29a DEFINED (__Interrupt79)?ABSOLUTE (__Interrupt79):ABSOLUTE (__DefaultInterrupt)
                  0x0000b4          0x4 LONG 0x29a DEFINED (__Interrupt80)?ABSOLUTE (__Interrupt80):ABSOLUTE (__DefaultInterrupt)
                  0x0000b6          0x4 LONG 0x29a DEFINED (__Interrupt81)?ABSOLUTE (__Interrupt81):ABSOLUTE (__DefaultInterrupt)
                  0x0000b8          0x4 LONG 0x29a DEFINED (__Interrupt82)?ABSOLUTE (__Interrupt82):ABSOLUTE (__DefaultInterrupt)
                  0x0000ba          0x4 LONG 0x29a DEFINED (__Interrupt83)?ABSOLUTE (__Interrupt83):ABSOLUTE (__DefaultInterrupt)
                  0x0000bc          0x4 LONG 0x29a DEFINED (__Interrupt84)?ABSOLUTE (__Interrupt84):ABSOLUTE (__DefaultInterrupt)
                  0x0000be          0x4 LONG 0x29a DEFINED (__Interrupt85)?ABSOLUTE (__Interrupt85):ABSOLUTE (__DefaultInterrupt)
                  0x0000c0          0x4 LONG 0x29a DEFINED (__Interrupt86)?ABSOLUTE (__Interrupt86):ABSOLUTE (__DefaultInterrupt)
                  0x0000c2          0x4 LONG 0x29a DEFINED (__Interrupt87)?ABSOLUTE (__Interrupt87):ABSOLUTE (__DefaultInterrupt)
                  0x0000c4          0x4 LONG 0x29a DEFINED (__Interrupt88)?ABSOLUTE (__Interrupt88):ABSOLUTE (__DefaultInterrupt)
                  0x0000c6          0x4 LONG 0x29a DEFINED (__Interrupt89)?ABSOLUTE (__Interrupt89):ABSOLUTE (__DefaultInterrupt)
                  0x0000c8          0x4 LONG 0x29a DEFINED (__Interrupt90)?ABSOLUTE (__Interrupt90):ABSOLUTE (__DefaultInterrupt)
                  0x0000ca          0x4 LONG 0x29a DEFINED (__Interrupt91)?ABSOLUTE (__Interrupt91):ABSOLUTE (__DefaultInterrupt)
                  0x0000cc          0x4 LONG 0x29a DEFINED (__Interrupt92)?ABSOLUTE (__Interrupt92):ABSOLUTE (__DefaultInterrupt)
                  0x0000ce          0x4 LONG 0x29a DEFINED (__Interrupt93)?ABSOLUTE (__Interrupt93):ABSOLUTE (__DefaultInterrupt)
                  0x0000d0          0x4 LONG 0x29a DEFINED (__Interrupt94)?ABSOLUTE (__Interrupt94):ABSOLUTE (__DefaultInterrupt)
                  0x0000d2          0x4 LONG 0x29a DEFINED (__Interrupt95)?ABSOLUTE (__Interrupt95):ABSOLUTE (__DefaultInterrupt)
                  0x0000d4          0x4 LONG 0x29a DEFINED (__Interrupt96)?ABSOLUTE (__Interrupt96):ABSOLUTE (__DefaultInterrupt)
                  0x0000d6          0x4 LONG 0x29a DEFINED (__Interrupt97)?ABSOLUTE (__Interrupt97):ABSOLUTE (__DefaultInterrupt)
                  0x0000d8          0x4 LONG 0x29a DEFINED (__Interrupt98)?ABSOLUTE (__Interrupt98):ABSOLUTE (__DefaultInterrupt)
                  0x0000da          0x4 LONG 0x29a DEFINED (__Interrupt99)?ABSOLUTE (__Interrupt99):ABSOLUTE (__DefaultInterrupt)
                  0x0000dc          0x4 LONG 0x29a DEFINED (__Interrupt100)?ABSOLUTE (__Interrupt100):ABSOLUTE (__DefaultInterrupt)
                  0x0000de          0x4 LONG 0x29a DEFINED (__Interrupt101)?ABSOLUTE (__Interrupt101):ABSOLUTE (__DefaultInterrupt)
                  0x0000e0          0x4 LONG 0x29a DEFINED (__Interrupt102)?ABSOLUTE (__Interrupt102):ABSOLUTE (__DefaultInterrupt)
                  0x0000e2          0x4 LONG 0x29a DEFINED (__Interrupt103)?ABSOLUTE (__Interrupt103):ABSOLUTE (__DefaultInterrupt)
                  0x0000e4          0x4 LONG 0x29a DEFINED (__Interrupt104)?ABSOLUTE (__Interrupt104):ABSOLUTE (__DefaultInterrupt)
                  0x0000e6          0x4 LONG 0x29a DEFINED (__Interrupt105)?ABSOLUTE (__Interrupt105):ABSOLUTE (__DefaultInterrupt)
                  0x0000e8          0x4 LONG 0x29a DEFINED (__Interrupt106)?ABSOLUTE (__Interrupt106):ABSOLUTE (__DefaultInterrupt)
                  0x0000ea          0x4 LONG 0x29a DEFINED (__Interrupt107)?ABSOLUTE (__Interrupt107):ABSOLUTE (__DefaultInterrupt)
                  0x0000ec          0x4 LONG 0x29a DEFINED (__Interrupt108)?ABSOLUTE (__Interrupt108):ABSOLUTE (__DefaultInterrupt)
                  0x0000ee          0x4 LONG 0x29a DEFINED (__Interrupt109)?ABSOLUTE (__Interrupt109):ABSOLUTE (__DefaultInterrupt)
                  0x0000f0          0x4 LONG 0x29a DEFINED (__Interrupt110)?ABSOLUTE (__Interrupt110):ABSOLUTE (__DefaultInterrupt)
                  0x0000f2          0x4 LONG 0x29a DEFINED (__Interrupt111)?ABSOLUTE (__Interrupt111):ABSOLUTE (__DefaultInterrupt)
                  0x0000f4          0x4 LONG 0x29a DEFINED (__Interrupt112)?ABSOLUTE (__Interrupt112):ABSOLUTE (__DefaultInterrupt)
                  0x0000f6          0x4 LONG 0x29a DEFINED (__Interrupt113)?ABSOLUTE (__Interrupt113):ABSOLUTE (__DefaultInterrupt)
                  0x0000f8          0x4 LONG 0x29a DEFINED (__Interrupt114)?ABSOLUTE (__Interrupt114):ABSOLUTE (__DefaultInterrupt)
                  0x0000fa          0x4 LONG 0x29a DEFINED (__Interrupt115)?ABSOLUTE (__Interrupt115):ABSOLUTE (__DefaultInterrupt)
                  0x0000fc          0x4 LONG 0x29a DEFINED (__Interrupt116)?ABSOLUTE (__Interrupt116):ABSOLUTE (__DefaultInterrupt)
                  0x0000fe          0x4 LONG 0x29a DEFINED (__Interrupt117)?ABSOLUTE (__Interrupt117):ABSOLUTE (__DefaultInterrupt)

.aivt             0x000104         0xfc
                  0x000104          0x4 LONG 0x29a DEFINED (__AltReservedTrap0)?ABSOLUTE (__AltReservedTrap0):DEFINED (__ReservedTrap0)?ABSOLUTE (__ReservedTrap0):ABSOLUTE (__DefaultInterrupt)
                  0x000106          0x4 LONG 0x29a DEFINED (__AltOscillatorFail)?ABSOLUTE (__AltOscillatorFail):DEFINED (__OscillatorFail)?ABSOLUTE (__OscillatorFail):ABSOLUTE (__DefaultInterrupt)
                  0x000108          0x4 LONG 0x29a DEFINED (__AltAddressError)?ABSOLUTE (__AltAddressError):DEFINED (__AddressError)?ABSOLUTE (__AddressError):ABSOLUTE (__DefaultInterrupt)
                  0x00010a          0x4 LONG 0x29a DEFINED (__AltStackError)?ABSOLUTE (__AltStackError):DEFINED (__StackError)?ABSOLUTE (__StackError):ABSOLUTE (__DefaultInterrupt)
                  0x00010c          0x4 LONG 0x29a DEFINED (__AltMathError)?ABSOLUTE (__AltMathError):DEFINED (__MathError)?ABSOLUTE (__MathError):ABSOLUTE (__DefaultInterrupt)
                  0x00010e          0x4 LONG 0x29a DEFINED (__AltDMACError)?ABSOLUTE (__AltDMACError):DEFINED (__DMACError)?ABSOLUTE (__DMACError):ABSOLUTE (__DefaultInterrupt)
                  0x000110          0x4 LONG 0x29a DEFINED (__AltReservedTrap6)?ABSOLUTE (__AltReservedTrap6):DEFINED (__ReservedTrap6)?ABSOLUTE (__ReservedTrap6):ABSOLUTE (__DefaultInterrupt)
                  0x000112          0x4 LONG 0x29a DEFINED (__AltReservedTrap7)?ABSOLUTE (__AltReservedTrap7):DEFINED (__ReservedTrap7)?ABSOLUTE (__ReservedTrap7):ABSOLUTE (__DefaultInterrupt)
                  0x000114          0x4 LONG 0x29a DEFINED (__AltINT0Interrupt)?ABSOLUTE (__AltINT0Interrupt):DEFINED (__INT0Interrupt)?ABSOLUTE (__INT0Interrupt):ABSOLUTE (__DefaultInterrupt)
                  0x000116          0x4 LONG 0x4d52 DEFINED (__AltIC1Interrupt)?ABSOLUTE (__AltIC1Interrupt):DEFINED (__IC1Interrupt)?ABSOLUTE (__IC1Interrupt):ABSOLUTE (__DefaultInterrupt)
                  0x000118          0x4 LONG 0x29a DEFINED (__AltOC1Interrupt)?ABSOLUTE (__AltOC1Interrupt):DEFINED (__OC1Interrupt)?ABSOLUTE (__OC1Interrupt):ABSOLUTE (__DefaultInterrupt)
                  0x00011a          0x4 LONG 0x4aa2 DEFINED (__AltT1Interrupt)?ABSOLUTE (__AltT1Interrupt):DEFINED (__T1Interrupt)?ABSOLUTE (__T1Interrupt):ABSOLUTE (__DefaultInterrupt)
                  0x00011c          0x4 LONG 0x29a DEFINED (__AltDMA0Interrupt)?ABSOLUTE (__AltDMA0Interrupt):DEFINED (__DMA0Interrupt)?ABSOLUTE (__DMA0Interrupt):ABSOLUTE (__DefaultInterrupt)
                  0x00011e          0x4 LONG 0x4e0e DEFINED (__AltIC2Interrupt)?ABSOLUTE (__AltIC2Interrupt):DEFINED (__IC2Interrupt)?ABSOLUTE (__IC2Interrupt):ABSOLUTE (__DefaultInterrupt)
                  0x000120          0x4 LONG 0x29a DEFINED (__AltOC2Interrupt)?ABSOLUTE (__AltOC2Interrupt):DEFINED (__OC2Interrupt)?ABSOLUTE (__OC2Interrupt):ABSOLUTE (__DefaultInterrupt)
                  0x000122          0x4 LONG 0x29a DEFINED (__AltT2Interrupt)?ABSOLUTE (__AltT2Interrupt):DEFINED (__T2Interrupt)?ABSOLUTE (__T2Interrupt):ABSOLUTE (__DefaultInterrupt)
                  0x000124          0x4 LONG 0x47aa DEFINED (__AltT3Interrupt)?ABSOLUTE (__AltT3Interrupt):DEFINED (__T3Interrupt)?ABSOLUTE (__T3Interrupt):ABSOLUTE (__DefaultInterrupt)
                  0x000126          0x4 LONG 0x29a DEFINED (__AltSPI1ErrInterrupt)?ABSOLUTE (__AltSPI1ErrInterrupt):DEFINED (__SPI1ErrInterrupt)?ABSOLUTE (__SPI1ErrInterrupt):ABSOLUTE (__DefaultInterrupt)
                  0x000128          0x4 LONG 0x29a DEFINED (__AltSPI1Interrupt)?ABSOLUTE (__AltSPI1Interrupt):DEFINED (__SPI1Interrupt)?ABSOLUTE (__SPI1Interrupt):ABSOLUTE (__DefaultInterrupt)
                  0x00012a          0x4 LONG 0x7bd8 DEFINED (__AltU1RXInterrupt)?ABSOLUTE (__AltU1RXInterrupt):DEFINED (__U1RXInterrupt)?ABSOLUTE (__U1RXInterrupt):ABSOLUTE (__DefaultInterrupt)
                  0x00012c          0x4 LONG 0x29a DEFINED (__AltU1TXInterrupt)?ABSOLUTE (__AltU1TXInterrupt):DEFINED (__U1TXInterrupt)?ABSOLUTE (__U1TXInterrupt):ABSOLUTE (__DefaultInterrupt)
                  0x00012e          0x4 LONG 0x29a DEFINED (__AltADC1Interrupt)?ABSOLUTE (__AltADC1Interrupt):DEFINED (__ADC1Interrupt)?ABSOLUTE (__ADC1Interrupt):ABSOLUTE (__DefaultInterrupt)
                  0x000130          0x4 LONG 0x29a DEFINED (__AltDMA1Interrupt)?ABSOLUTE (__AltDMA1Interrupt):DEFINED (__DMA1Interrupt)?ABSOLUTE (__DMA1Interrupt):ABSOLUTE (__DefaultInterrupt)
                  0x000132          0x4 LONG 0x29a DEFINED (__AltInterrupt15)?ABSOLUTE (__AltInterrupt15):DEFINED (__Interrupt15)?ABSOLUTE (__Interrupt15):ABSOLUTE (__DefaultInterrupt)
                  0x000134          0x4 LONG 0x29a DEFINED (__AltSI2C1Interrupt)?ABSOLUTE (__AltSI2C1Interrupt):DEFINED (__SI2C1Interrupt)?ABSOLUTE (__SI2C1Interrupt):ABSOLUTE (__DefaultInterrupt)
                  0x000136          0x4 LONG 0x29a DEFINED (__AltMI2C1Interrupt)?ABSOLUTE (__AltMI2C1Interrupt):DEFINED (__MI2C1Interrupt)?ABSOLUTE (__MI2C1Interrupt):ABSOLUTE (__DefaultInterrupt)
                  0x000138          0x4 LONG 0x29a DEFINED (__AltCMPInterrupt)?ABSOLUTE (__AltCMPInterrupt):DEFINED (__CMPInterrupt)?ABSOLUTE (__CMPInterrupt):ABSOLUTE (__DefaultInterrupt)
                  0x00013a          0x4 LONG 0x29a DEFINED (__AltCNInterrupt)?ABSOLUTE (__AltCNInterrupt):DEFINED (__CNInterrupt)?ABSOLUTE (__CNInterrupt):ABSOLUTE (__DefaultInterrupt)
                  0x00013c          0x4 LONG 0x29a DEFINED (__AltINT1Interrupt)?ABSOLUTE (__AltINT1Interrupt):DEFINED (__INT1Interrupt)?ABSOLUTE (__INT1Interrupt):ABSOLUTE (__DefaultInterrupt)
                  0x00013e          0x4 LONG 0x29a DEFINED (__AltADC2Interrupt)?ABSOLUTE (__AltADC2Interrupt):DEFINED (__ADC2Interrupt)?ABSOLUTE (__ADC2Interrupt):ABSOLUTE (__DefaultInterrupt)
                  0x000140          0x4 LONG 0x29a DEFINED (__AltIC7Interrupt)?ABSOLUTE (__AltIC7Interrupt):DEFINED (__IC7Interrupt)?ABSOLUTE (__IC7Interrupt):ABSOLUTE (__DefaultInterrupt)
                  0x000142          0x4 LONG 0x29a DEFINED (__AltIC8Interrupt)?ABSOLUTE (__AltIC8Interrupt):DEFINED (__IC8Interrupt)?ABSOLUTE (__IC8Interrupt):ABSOLUTE (__DefaultInterrupt)
                  0x000144          0x4 LONG 0x29a DEFINED (__AltDMA2Interrupt)?ABSOLUTE (__AltDMA2Interrupt):DEFINED (__DMA2Interrupt)?ABSOLUTE (__DMA2Interrupt):ABSOLUTE (__DefaultInterrupt)
                  0x000146          0x4 LONG 0x29a DEFINED (__AltOC3Interrupt)?ABSOLUTE (__AltOC3Interrupt):DEFINED (__OC3Interrupt)?ABSOLUTE (__OC3Interrupt):ABSOLUTE (__DefaultInterrupt)
                  0x000148          0x4 LONG 0x29a DEFINED (__AltOC4Interrupt)?ABSOLUTE (__AltOC4Interrupt):DEFINED (__OC4Interrupt)?ABSOLUTE (__OC4Interrupt):ABSOLUTE (__DefaultInterrupt)
                  0x00014a          0x4 LONG 0x29a DEFINED (__AltT4Interrupt)?ABSOLUTE (__AltT4Interrupt):DEFINED (__T4Interrupt)?ABSOLUTE (__T4Interrupt):ABSOLUTE (__DefaultInterrupt)
                  0x00014c          0x4 LONG 0x6696 DEFINED (__AltT5Interrupt)?ABSOLUTE (__AltT5Interrupt):DEFINED (__T5Interrupt)?ABSOLUTE (__T5Interrupt):ABSOLUTE (__DefaultInterrupt)
                  0x00014e          0x4 LONG 0x29a DEFINED (__AltINT2Interrupt)?ABSOLUTE (__AltINT2Interrupt):DEFINED (__INT2Interrupt)?ABSOLUTE (__INT2Interrupt):ABSOLUTE (__DefaultInterrupt)
                  0x000150          0x4 LONG 0x29a DEFINED (__AltU2RXInterrupt)?ABSOLUTE (__AltU2RXInterrupt):DEFINED (__U2RXInterrupt)?ABSOLUTE (__U2RXInterrupt):ABSOLUTE (__DefaultInterrupt)
                  0x000152          0x4 LONG 0x29a DEFINED (__AltU2TXInterrupt)?ABSOLUTE (__AltU2TXInterrupt):DEFINED (__U2TXInterrupt)?ABSOLUTE (__U2TXInterrupt):ABSOLUTE (__DefaultInterrupt)
                  0x000154          0x4 LONG 0x29a DEFINED (__AltSPI2ErrInterrupt)?ABSOLUTE (__AltSPI2ErrInterrupt):DEFINED (__SPI2ErrInterrupt)?ABSOLUTE (__SPI2ErrInterrupt):ABSOLUTE (__DefaultInterrupt)
                  0x000156          0x4 LONG 0x29a DEFINED (__AltSPI2Interrupt)?ABSOLUTE (__AltSPI2Interrupt):DEFINED (__SPI2Interrupt)?ABSOLUTE (__SPI2Interrupt):ABSOLUTE (__DefaultInterrupt)
                  0x000158          0x4 LONG 0x29a DEFINED (__AltC1RxRdyInterrupt)?ABSOLUTE (__AltC1RxRdyInterrupt):DEFINED (__C1RxRdyInterrupt)?ABSOLUTE (__C1RxRdyInterrupt):ABSOLUTE (__DefaultInterrupt)
                  0x00015a          0x4 LONG 0x29a DEFINED (__AltC1Interrupt)?ABSOLUTE (__AltC1Interrupt):DEFINED (__C1Interrupt)?ABSOLUTE (__C1Interrupt):ABSOLUTE (__DefaultInterrupt)
                  0x00015c          0x4 LONG 0x29a DEFINED (__AltDMA3Interrupt)?ABSOLUTE (__AltDMA3Interrupt):DEFINED (__DMA3Interrupt)?ABSOLUTE (__DMA3Interrupt):ABSOLUTE (__DefaultInterrupt)
                  0x00015e          0x4 LONG 0x4eca DEFINED (__AltIC3Interrupt)?ABSOLUTE (__AltIC3Interrupt):DEFINED (__IC3Interrupt)?ABSOLUTE (__IC3Interrupt):ABSOLUTE (__DefaultInterrupt)
                  0x000160          0x4 LONG 0x4f86 DEFINED (__AltIC4Interrupt)?ABSOLUTE (__AltIC4Interrupt):DEFINED (__IC4Interrupt)?ABSOLUTE (__IC4Interrupt):ABSOLUTE (__DefaultInterrupt)
                  0x000162          0x4 LONG 0x5034 DEFINED (__AltIC5Interrupt)?ABSOLUTE (__AltIC5Interrupt):DEFINED (__IC5Interrupt)?ABSOLUTE (__IC5Interrupt):ABSOLUTE (__DefaultInterrupt)
                  0x000164          0x4 LONG 0x29a DEFINED (__AltIC6Interrupt)?ABSOLUTE (__AltIC6Interrupt):DEFINED (__IC6Interrupt)?ABSOLUTE (__IC6Interrupt):ABSOLUTE (__DefaultInterrupt)
                  0x000166          0x4 LONG 0x29a DEFINED (__AltOC5Interrupt)?ABSOLUTE (__AltOC5Interrupt):DEFINED (__OC5Interrupt)?ABSOLUTE (__OC5Interrupt):ABSOLUTE (__DefaultInterrupt)
                  0x000168          0x4 LONG 0x29a DEFINED (__AltOC6Interrupt)?ABSOLUTE (__AltOC6Interrupt):DEFINED (__OC6Interrupt)?ABSOLUTE (__OC6Interrupt):ABSOLUTE (__DefaultInterrupt)
                  0x00016a          0x4 LONG 0x29a DEFINED (__AltOC7Interrupt)?ABSOLUTE (__AltOC7Interrupt):DEFINED (__OC7Interrupt)?ABSOLUTE (__OC7Interrupt):ABSOLUTE (__DefaultInterrupt)
                  0x00016c          0x4 LONG 0x29a DEFINED (__AltOC8Interrupt)?ABSOLUTE (__AltOC8Interrupt):DEFINED (__OC8Interrupt)?ABSOLUTE (__OC8Interrupt):ABSOLUTE (__DefaultInterrupt)
                  0x00016e          0x4 LONG 0x29a DEFINED (__AltPMPInterrupt)?ABSOLUTE (__AltPMPInterrupt):DEFINED (__PMPInterrupt)?ABSOLUTE (__PMPInterrupt):ABSOLUTE (__DefaultInterrupt)
                  0x000170          0x4 LONG 0x29a DEFINED (__AltDMA4Interrupt)?ABSOLUTE (__AltDMA4Interrupt):DEFINED (__DMA4Interrupt)?ABSOLUTE (__DMA4Interrupt):ABSOLUTE (__DefaultInterrupt)
                  0x000172          0x4 LONG 0x29a DEFINED (__AltT6Interrupt)?ABSOLUTE (__AltT6Interrupt):DEFINED (__T6Interrupt)?ABSOLUTE (__T6Interrupt):ABSOLUTE (__DefaultInterrupt)
                  0x000174          0x4 LONG 0x29a DEFINED (__AltT7Interrupt)?ABSOLUTE (__AltT7Interrupt):DEFINED (__T7Interrupt)?ABSOLUTE (__T7Interrupt):ABSOLUTE (__DefaultInterrupt)
                  0x000176          0x4 LONG 0x29a DEFINED (__AltSI2C2Interrupt)?ABSOLUTE (__AltSI2C2Interrupt):DEFINED (__SI2C2Interrupt)?ABSOLUTE (__SI2C2Interrupt):ABSOLUTE (__DefaultInterrupt)
                  0x000178          0x4 LONG 0x29a DEFINED (__AltMI2C2Interrupt)?ABSOLUTE (__AltMI2C2Interrupt):DEFINED (__MI2C2Interrupt)?ABSOLUTE (__MI2C2Interrupt):ABSOLUTE (__DefaultInterrupt)
                  0x00017a          0x4 LONG 0x29a DEFINED (__AltT8Interrupt)?ABSOLUTE (__AltT8Interrupt):DEFINED (__T8Interrupt)?ABSOLUTE (__T8Interrupt):ABSOLUTE (__DefaultInterrupt)
                  0x00017c          0x4 LONG 0x29a DEFINED (__AltT9Interrupt)?ABSOLUTE (__AltT9Interrupt):DEFINED (__T9Interrupt)?ABSOLUTE (__T9Interrupt):ABSOLUTE (__DefaultInterrupt)
                  0x00017e          0x4 LONG 0x29a DEFINED (__AltINT3Interrupt)?ABSOLUTE (__AltINT3Interrupt):DEFINED (__INT3Interrupt)?ABSOLUTE (__INT3Interrupt):ABSOLUTE (__DefaultInterrupt)
                  0x000180          0x4 LONG 0x29a DEFINED (__AltINT4Interrupt)?ABSOLUTE (__AltINT4Interrupt):DEFINED (__INT4Interrupt)?ABSOLUTE (__INT4Interrupt):ABSOLUTE (__DefaultInterrupt)
                  0x000182          0x4 LONG 0x29a DEFINED (__AltC2RxRdyInterrupt)?ABSOLUTE (__AltC2RxRdyInterrupt):DEFINED (__C2RxRdyInterrupt)?ABSOLUTE (__C2RxRdyInterrupt):ABSOLUTE (__DefaultInterrupt)
                  0x000184          0x4 LONG 0x29a DEFINED (__AltC2Interrupt)?ABSOLUTE (__AltC2Interrupt):DEFINED (__C2Interrupt)?ABSOLUTE (__C2Interrupt):ABSOLUTE (__DefaultInterrupt)
                  0x000186          0x4 LONG 0x29a DEFINED (__AltPWMInterrupt)?ABSOLUTE (__AltPWMInterrupt):DEFINED (__PWMInterrupt)?ABSOLUTE (__PWMInterrupt):ABSOLUTE (__DefaultInterrupt)
                  0x000188          0x4 LONG 0x29a DEFINED (__AltQEIInterrupt)?ABSOLUTE (__AltQEIInterrupt):DEFINED (__QEIInterrupt)?ABSOLUTE (__QEIInterrupt):ABSOLUTE (__DefaultInterrupt)
                  0x00018a          0x4 LONG 0x29a DEFINED (__AltInterrupt59)?ABSOLUTE (__AltInterrupt59):DEFINED (__Interrupt59)?ABSOLUTE (__Interrupt59):ABSOLUTE (__DefaultInterrupt)
                  0x00018c          0x4 LONG 0x29a DEFINED (__AltInterrupt60)?ABSOLUTE (__AltInterrupt60):DEFINED (__Interrupt60)?ABSOLUTE (__Interrupt60):ABSOLUTE (__DefaultInterrupt)
                  0x00018e          0x4 LONG 0x29a DEFINED (__AltDMA5Interrupt)?ABSOLUTE (__AltDMA5Interrupt):DEFINED (__DMA5Interrupt)?ABSOLUTE (__DMA5Interrupt):ABSOLUTE (__DefaultInterrupt)
                  0x000190          0x4 LONG 0x29a DEFINED (__AltInterrupt62)?ABSOLUTE (__AltInterrupt62):DEFINED (__Interrupt62)?ABSOLUTE (__Interrupt62):ABSOLUTE (__DefaultInterrupt)
                  0x000192          0x4 LONG 0x29a DEFINED (__AltFLTAInterrupt)?ABSOLUTE (__AltFLTAInterrupt):DEFINED (__FLTAInterrupt)?ABSOLUTE (__FLTAInterrupt):ABSOLUTE (__DefaultInterrupt)
                  0x000194          0x4 LONG 0x29a DEFINED (__AltFLTBInterrupt)?ABSOLUTE (__AltFLTBInterrupt):DEFINED (__FLTBInterrupt)?ABSOLUTE (__FLTBInterrupt):ABSOLUTE (__DefaultInterrupt)
                  0x000196          0x4 LONG 0x29a DEFINED (__AltU1ErrInterrupt)?ABSOLUTE (__AltU1ErrInterrupt):DEFINED (__U1ErrInterrupt)?ABSOLUTE (__U1ErrInterrupt):ABSOLUTE (__DefaultInterrupt)
                  0x000198          0x4 LONG 0x29a DEFINED (__AltU2ErrInterrupt)?ABSOLUTE (__AltU2ErrInterrupt):DEFINED (__U2ErrInterrupt)?ABSOLUTE (__U2ErrInterrupt):ABSOLUTE (__DefaultInterrupt)
                  0x00019a          0x4 LONG 0x29a DEFINED (__AltCRCInterrupt)?ABSOLUTE (__AltCRCInterrupt):DEFINED (__CRCInterrupt)?ABSOLUTE (__CRCInterrupt):ABSOLUTE (__DefaultInterrupt)
                  0x00019c          0x4 LONG 0x29a DEFINED (__AltDMA6Interrupt)?ABSOLUTE (__AltDMA6Interrupt):DEFINED (__DMA6Interrupt)?ABSOLUTE (__DMA6Interrupt):ABSOLUTE (__DefaultInterrupt)
                  0x00019e          0x4 LONG 0x29a DEFINED (__AltDMA7Interrupt)?ABSOLUTE (__AltDMA7Interrupt):DEFINED (__DMA7Interrupt)?ABSOLUTE (__DMA7Interrupt):ABSOLUTE (__DefaultInterrupt)
                  0x0001a0          0x4 LONG 0x29a DEFINED (__AltC1TxReqInterrupt)?ABSOLUTE (__AltC1TxReqInterrupt):DEFINED (__C1TxReqInterrupt)?ABSOLUTE (__C1TxReqInterrupt):ABSOLUTE (__DefaultInterrupt)
                  0x0001a2          0x4 LONG 0x29a DEFINED (__AltC2TxReqInterrupt)?ABSOLUTE (__AltC2TxReqInterrupt):DEFINED (__C2TxReqInterrupt)?ABSOLUTE (__C2TxReqInterrupt):ABSOLUTE (__DefaultInterrupt)
                  0x0001a4          0x4 LONG 0x29a DEFINED (__AltInterrupt72)?ABSOLUTE (__AltInterrupt72):DEFINED (__Interrupt72)?ABSOLUTE (__Interrupt72):ABSOLUTE (__DefaultInterrupt)
                  0x0001a6          0x4 LONG 0x29a DEFINED (__AltInterrupt73)?ABSOLUTE (__AltInterrupt73):DEFINED (__Interrupt73)?ABSOLUTE (__Interrupt73):ABSOLUTE (__DefaultInterrupt)
                  0x0001a8          0x4 LONG 0x29a DEFINED (__AltInterrupt74)?ABSOLUTE (__AltInterrupt74):DEFINED (__Interrupt74)?ABSOLUTE (__Interrupt74):ABSOLUTE (__DefaultInterrupt)
                  0x0001aa          0x4 LONG 0x29a DEFINED (__AltInterrupt75)?ABSOLUTE (__AltInterrupt75):DEFINED (__Interrupt75)?ABSOLUTE (__Interrupt75):ABSOLUTE (__DefaultInterrupt)
                  0x0001ac          0x4 LONG 0x29a DEFINED (__AltInterrupt76)?ABSOLUTE (__AltInterrupt76):DEFINED (__Interrupt76)?ABSOLUTE (__Interrupt76):ABSOLUTE (__DefaultInterrupt)
                  0x0001ae          0x4 LONG 0x29a DEFINED (__AltInterrupt77)?ABSOLUTE (__AltInterrupt77):DEFINED (__Interrupt77)?ABSOLUTE (__Interrupt77):ABSOLUTE (__DefaultInterrupt)
                  0x0001b0          0x4 LONG 0x29a DEFINED (__AltInterrupt78)?ABSOLUTE (__AltInterrupt78):DEFINED (__Interrupt78)?ABSOLUTE (__Interrupt78):ABSOLUTE (__DefaultInterrupt)
                  0x0001b2          0x4 LONG 0x29a DEFINED (__AltInterrupt79)?ABSOLUTE (__AltInterrupt79):DEFINED (__Interrupt79)?ABSOLUTE (__Interrupt79):ABSOLUTE (__DefaultInterrupt)
                  0x0001b4          0x4 LONG 0x29a DEFINED (__AltInterrupt80)?ABSOLUTE (__AltInterrupt80):DEFINED (__Interrupt80)?ABSOLUTE (__Interrupt80):ABSOLUTE (__DefaultInterrupt)
                  0x0001b6          0x4 LONG 0x29a DEFINED (__AltInterrupt81)?ABSOLUTE (__AltInterrupt81):DEFINED (__Interrupt81)?ABSOLUTE (__Interrupt81):ABSOLUTE (__DefaultInterrupt)
                  0x0001b8          0x4 LONG 0x29a DEFINED (__AltInterrupt82)?ABSOLUTE (__AltInterrupt82):DEFINED (__Interrupt82)?ABSOLUTE (__Interrupt82):ABSOLUTE (__DefaultInterrupt)
                  0x0001ba          0x4 LONG 0x29a DEFINED (__AltInterrupt83)?ABSOLUTE (__AltInterrupt83):DEFINED (__Interrupt83)?ABSOLUTE (__Interrupt83):ABSOLUTE (__DefaultInterrupt)
                  0x0001bc          0x4 LONG 0x29a DEFINED (__AltInterrupt84)?ABSOLUTE (__AltInterrupt84):DEFINED (__Interrupt84)?ABSOLUTE (__Interrupt84):ABSOLUTE (__DefaultInterrupt)
                  0x0001be          0x4 LONG 0x29a DEFINED (__AltInterrupt85)?ABSOLUTE (__AltInterrupt85):DEFINED (__Interrupt85)?ABSOLUTE (__Interrupt85):ABSOLUTE (__DefaultInterrupt)
                  0x0001c0          0x4 LONG 0x29a DEFINED (__AltInterrupt86)?ABSOLUTE (__AltInterrupt86):DEFINED (__Interrupt86)?ABSOLUTE (__Interrupt86):ABSOLUTE (__DefaultInterrupt)
                  0x0001c2          0x4 LONG 0x29a DEFINED (__AltInterrupt87)?ABSOLUTE (__AltInterrupt87):DEFINED (__Interrupt87)?ABSOLUTE (__Interrupt87):ABSOLUTE (__DefaultInterrupt)
                  0x0001c4          0x4 LONG 0x29a DEFINED (__AltInterrupt88)?ABSOLUTE (__AltInterrupt88):DEFINED (__Interrupt88)?ABSOLUTE (__Interrupt88):ABSOLUTE (__DefaultInterrupt)
                  0x0001c6          0x4 LONG 0x29a DEFINED (__AltInterrupt89)?ABSOLUTE (__AltInterrupt89):DEFINED (__Interrupt89)?ABSOLUTE (__Interrupt89):ABSOLUTE (__DefaultInterrupt)
                  0x0001c8          0x4 LONG 0x29a DEFINED (__AltInterrupt90)?ABSOLUTE (__AltInterrupt90):DEFINED (__Interrupt90)?ABSOLUTE (__Interrupt90):ABSOLUTE (__DefaultInterrupt)
                  0x0001ca          0x4 LONG 0x29a DEFINED (__AltInterrupt91)?ABSOLUTE (__AltInterrupt91):DEFINED (__Interrupt91)?ABSOLUTE (__Interrupt91):ABSOLUTE (__DefaultInterrupt)
                  0x0001cc          0x4 LONG 0x29a DEFINED (__AltInterrupt92)?ABSOLUTE (__AltInterrupt92):DEFINED (__Interrupt92)?ABSOLUTE (__Interrupt92):ABSOLUTE (__DefaultInterrupt)
                  0x0001ce          0x4 LONG 0x29a DEFINED (__AltInterrupt93)?ABSOLUTE (__AltInterrupt93):DEFINED (__Interrupt93)?ABSOLUTE (__Interrupt93):ABSOLUTE (__DefaultInterrupt)
                  0x0001d0          0x4 LONG 0x29a DEFINED (__AltInterrupt94)?ABSOLUTE (__AltInterrupt94):DEFINED (__Interrupt94)?ABSOLUTE (__Interrupt94):ABSOLUTE (__DefaultInterrupt)
                  0x0001d2          0x4 LONG 0x29a DEFINED (__AltInterrupt95)?ABSOLUTE (__AltInterrupt95):DEFINED (__Interrupt95)?ABSOLUTE (__Interrupt95):ABSOLUTE (__DefaultInterrupt)
                  0x0001d4          0x4 LONG 0x29a DEFINED (__AltInterrupt96)?ABSOLUTE (__AltInterrupt96):DEFINED (__Interrupt96)?ABSOLUTE (__Interrupt96):ABSOLUTE (__DefaultInterrupt)
                  0x0001d6          0x4 LONG 0x29a DEFINED (__AltInterrupt97)?ABSOLUTE (__AltInterrupt97):DEFINED (__Interrupt97)?ABSOLUTE (__Interrupt97):ABSOLUTE (__DefaultInterrupt)
                  0x0001d8          0x4 LONG 0x29a DEFINED (__AltInterrupt98)?ABSOLUTE (__AltInterrupt98):DEFINED (__Interrupt98)?ABSOLUTE (__Interrupt98):ABSOLUTE (__DefaultInterrupt)
                  0x0001da          0x4 LONG 0x29a DEFINED (__AltInterrupt99)?ABSOLUTE (__AltInterrupt99):DEFINED (__Interrupt99)?ABSOLUTE (__Interrupt99):ABSOLUTE (__DefaultInterrupt)
                  0x0001dc          0x4 LONG 0x29a DEFINED (__AltInterrupt100)?ABSOLUTE (__AltInterrupt100):DEFINED (__Interrupt100)?ABSOLUTE (__Interrupt100):ABSOLUTE (__DefaultInterrupt)
                  0x0001de          0x4 LONG 0x29a DEFINED (__AltInterrupt101)?ABSOLUTE (__AltInterrupt101):DEFINED (__Interrupt101)?ABSOLUTE (__Interrupt101):ABSOLUTE (__DefaultInterrupt)
                  0x0001e0          0x4 LONG 0x29a DEFINED (__AltInterrupt102)?ABSOLUTE (__AltInterrupt102):DEFINED (__Interrupt102)?ABSOLUTE (__Interrupt102):ABSOLUTE (__DefaultInterrupt)
                  0x0001e2          0x4 LONG 0x29a DEFINED (__AltInterrupt103)?ABSOLUTE (__AltInterrupt103):DEFINED (__Interrupt103)?ABSOLUTE (__Interrupt103):ABSOLUTE (__DefaultInterrupt)
                  0x0001e4          0x4 LONG 0x29a DEFINED (__AltInterrupt104)?ABSOLUTE (__AltInterrupt104):DEFINED (__Interrupt104)?ABSOLUTE (__Interrupt104):ABSOLUTE (__DefaultInterrupt)
                  0x0001e6          0x4 LONG 0x29a DEFINED (__AltInterrupt105)?ABSOLUTE (__AltInterrupt105):DEFINED (__Interrupt105)?ABSOLUTE (__Interrupt105):ABSOLUTE (__DefaultInterrupt)
                  0x0001e8          0x4 LONG 0x29a DEFINED (__AltInterrupt106)?ABSOLUTE (__AltInterrupt106):DEFINED (__Interrupt106)?ABSOLUTE (__Interrupt106):ABSOLUTE (__DefaultInterrupt)
                  0x0001ea          0x4 LONG 0x29a DEFINED (__AltInterrupt107)?ABSOLUTE (__AltInterrupt107):DEFINED (__Interrupt107)?ABSOLUTE (__Interrupt107):ABSOLUTE (__DefaultInterrupt)
                  0x0001ec          0x4 LONG 0x29a DEFINED (__AltInterrupt108)?ABSOLUTE (__AltInterrupt108):DEFINED (__Interrupt108)?ABSOLUTE (__Interrupt108):ABSOLUTE (__DefaultInterrupt)
                  0x0001ee          0x4 LONG 0x29a DEFINED (__AltInterrupt109)?ABSOLUTE (__AltInterrupt109):DEFINED (__Interrupt109)?ABSOLUTE (__Interrupt109):ABSOLUTE (__DefaultInterrupt)
                  0x0001f0          0x4 LONG 0x29a DEFINED (__AltInterrupt110)?ABSOLUTE (__AltInterrupt110):DEFINED (__Interrupt110)?ABSOLUTE (__Interrupt110):ABSOLUTE (__DefaultInterrupt)
                  0x0001f2          0x4 LONG 0x29a DEFINED (__AltInterrupt111)?ABSOLUTE (__AltInterrupt111):DEFINED (__Interrupt111)?ABSOLUTE (__Interrupt111):ABSOLUTE (__DefaultInterrupt)
                  0x0001f4          0x4 LONG 0x29a DEFINED (__AltInterrupt112)?ABSOLUTE (__AltInterrupt112):DEFINED (__Interrupt112)?ABSOLUTE (__Interrupt112):ABSOLUTE (__DefaultInterrupt)
                  0x0001f6          0x4 LONG 0x29a DEFINED (__AltInterrupt113)?ABSOLUTE (__AltInterrupt113):DEFINED (__Interrupt113)?ABSOLUTE (__Interrupt113):ABSOLUTE (__DefaultInterrupt)
                  0x0001f8          0x4 LONG 0x29a DEFINED (__AltInterrupt114)?ABSOLUTE (__AltInterrupt114):DEFINED (__Interrupt114)?ABSOLUTE (__Interrupt114):ABSOLUTE (__DefaultInterrupt)
                  0x0001fa          0x4 LONG 0x29a DEFINED (__AltInterrupt115)?ABSOLUTE (__AltInterrupt115):DEFINED (__Interrupt115)?ABSOLUTE (__Interrupt115):ABSOLUTE (__DefaultInterrupt)
                  0x0001fc          0x4 LONG 0x29a DEFINED (__AltInterrupt116)?ABSOLUTE (__AltInterrupt116):DEFINED (__Interrupt116)?ABSOLUTE (__Interrupt116):ABSOLUTE (__DefaultInterrupt)
                  0x0001fe          0x4 LONG 0x29a DEFINED (__AltInterrupt117)?ABSOLUTE (__AltInterrupt117):DEFINED (__Interrupt117)?ABSOLUTE (__Interrupt117):ABSOLUTE (__DefaultInterrupt)
                    0x0000                  WREG0 = 0x0
                    0x0000                  _WREG0 = 0x0
                    0x0002                  WREG1 = 0x2
                    0x0002                  _WREG1 = 0x2
                    0x0004                  WREG2 = 0x4
                    0x0004                  _WREG2 = 0x4
                    0x0006                  WREG3 = 0x6
                    0x0006                  _WREG3 = 0x6
                    0x0008                  WREG4 = 0x8
                    0x0008                  _WREG4 = 0x8
                    0x000a                  WREG5 = 0xa
                    0x000a                  _WREG5 = 0xa
                    0x000c                  WREG6 = 0xc
                    0x000c                  _WREG6 = 0xc
                    0x000e                  WREG7 = 0xe
                    0x000e                  _WREG7 = 0xe
                    0x0010                  WREG8 = 0x10
                    0x0010                  _WREG8 = 0x10
                    0x0012                  WREG9 = 0x12
                    0x0012                  _WREG9 = 0x12
                    0x0014                  WREG10 = 0x14
                    0x0014                  _WREG10 = 0x14
                    0x0016                  WREG11 = 0x16
                    0x0016                  _WREG11 = 0x16
                    0x0018                  WREG12 = 0x18
                    0x0018                  _WREG12 = 0x18
                    0x001a                  WREG13 = 0x1a
                    0x001a                  _WREG13 = 0x1a
                    0x001c                  WREG14 = 0x1c
                    0x001c                  _WREG14 = 0x1c
                    0x001e                  WREG15 = 0x1e
                    0x001e                  _WREG15 = 0x1e
                    0x0020                  SPLIM = 0x20
                    0x0020                  _SPLIM = 0x20
                    0x0022                  ACCAL = 0x22
                    0x0022                  _ACCAL = 0x22
                    0x0024                  ACCAH = 0x24
                    0x0024                  _ACCAH = 0x24
                    0x0026                  ACCAU = 0x26
                    0x0026                  _ACCAU = 0x26
                    0x0028                  ACCBL = 0x28
                    0x0028                  _ACCBL = 0x28
                    0x002a                  ACCBH = 0x2a
                    0x002a                  _ACCBH = 0x2a
                    0x002c                  ACCBU = 0x2c
                    0x002c                  _ACCBU = 0x2c
                    0x002e                  PCL = 0x2e
                    0x002e                  _PCL = 0x2e
                    0x0030                  PCH = 0x30
                    0x0030                  _PCH = 0x30
                    0x0032                  TBLPAG = 0x32
                    0x0032                  _TBLPAG = 0x32
                    0x0034                  PSVPAG = 0x34
                    0x0034                  _PSVPAG = 0x34
                    0x0036                  RCOUNT = 0x36
                    0x0036                  _RCOUNT = 0x36
                    0x0038                  DCOUNT = 0x38
                    0x0038                  _DCOUNT = 0x38
                    0x003a                  DOSTARTL = 0x3a
                    0x003a                  _DOSTARTL = 0x3a
                    0x003c                  DOSTARTH = 0x3c
                    0x003c                  _DOSTARTH = 0x3c
                    0x003e                  DOENDL = 0x3e
                    0x003e                  _DOENDL = 0x3e
                    0x0040                  DOENDH = 0x40
                    0x0040                  _DOENDH = 0x40
                    0x0042                  SR = 0x42
                    0x0042                  _SR = 0x42
                    0x0042                  _SRbits = 0x42
                    0x0044                  CORCON = 0x44
                    0x0044                  _CORCON = 0x44
                    0x0044                  _CORCONbits = 0x44
                    0x0046                  MODCON = 0x46
                    0x0046                  _MODCON = 0x46
                    0x0046                  _MODCONbits = 0x46
                    0x0048                  XMODSRT = 0x48
                    0x0048                  _XMODSRT = 0x48
                    0x004a                  XMODEND = 0x4a
                    0x004a                  _XMODEND = 0x4a
                    0x004c                  YMODSRT = 0x4c
                    0x004c                  _YMODSRT = 0x4c
                    0x004e                  YMODEND = 0x4e
                    0x004e                  _YMODEND = 0x4e
                    0x0050                  XBREV = 0x50
                    0x0050                  _XBREV = 0x50
                    0x0050                  _XBREVbits = 0x50
                    0x0052                  DISICNT = 0x52
                    0x0052                  _DISICNT = 0x52
                    0x0060                  CNEN1 = 0x60
                    0x0060                  _CNEN1 = 0x60
                    0x0060                  _CNEN1bits = 0x60
                    0x0062                  CNEN2 = 0x62
                    0x0062                  _CNEN2 = 0x62
                    0x0062                  _CNEN2bits = 0x62
                    0x0068                  CNPU1 = 0x68
                    0x0068                  _CNPU1 = 0x68
                    0x0068                  _CNPU1bits = 0x68
                    0x006a                  CNPU2 = 0x6a
                    0x006a                  _CNPU2 = 0x6a
                    0x006a                  _CNPU2bits = 0x6a
                    0x0080                  INTCON1 = 0x80
                    0x0080                  _INTCON1 = 0x80
                    0x0080                  _INTCON1bits = 0x80
                    0x0082                  INTCON2 = 0x82
                    0x0082                  _INTCON2 = 0x82
                    0x0082                  _INTCON2bits = 0x82
                    0x0084                  IFS0 = 0x84
                    0x0084                  _IFS0 = 0x84
                    0x0084                  _IFS0bits = 0x84
                    0x0086                  IFS1 = 0x86
                    0x0086                  _IFS1 = 0x86
                    0x0086                  _IFS1bits = 0x86
                    0x0088                  IFS2 = 0x88
                    0x0088                  _IFS2 = 0x88
                    0x0088                  _IFS2bits = 0x88
                    0x008a                  IFS3 = 0x8a
                    0x008a                  _IFS3 = 0x8a
                    0x008a                  _IFS3bits = 0x8a
                    0x008c                  IFS4 = 0x8c
                    0x008c                  _IFS4 = 0x8c
                    0x008c                  _IFS4bits = 0x8c
                    0x0094                  IEC0 = 0x94
                    0x0094                  _IEC0 = 0x94
                    0x0094                  _IEC0bits = 0x94
                    0x0096                  IEC1 = 0x96
                    0x0096                  _IEC1 = 0x96
                    0x0096                  _IEC1bits = 0x96
                    0x0098                  IEC2 = 0x98
                    0x0098                  _IEC2 = 0x98
                    0x0098                  _IEC2bits = 0x98
                    0x009a                  IEC3 = 0x9a
                    0x009a                  _IEC3 = 0x9a
                    0x009a                  _IEC3bits = 0x9a
                    0x009c                  IEC4 = 0x9c
                    0x009c                  _IEC4 = 0x9c
                    0x009c                  _IEC4bits = 0x9c
                    0x00a4                  IPC0 = 0xa4
                    0x00a4                  _IPC0 = 0xa4
                    0x00a4                  _IPC0bits = 0xa4
                    0x00a6                  IPC1 = 0xa6
                    0x00a6                  _IPC1 = 0xa6
                    0x00a6                  _IPC1bits = 0xa6
                    0x00a8                  IPC2 = 0xa8
                    0x00a8                  _IPC2 = 0xa8
                    0x00a8                  _IPC2bits = 0xa8
                    0x00aa                  IPC3 = 0xaa
                    0x00aa                  _IPC3 = 0xaa
                    0x00aa                  _IPC3bits = 0xaa
                    0x00ac                  IPC4 = 0xac
                    0x00ac                  _IPC4 = 0xac
                    0x00ac                  _IPC4bits = 0xac
                    0x00ae                  IPC5 = 0xae
                    0x00ae                  _IPC5 = 0xae
                    0x00ae                  _IPC5bits = 0xae
                    0x00b0                  IPC6 = 0xb0
                    0x00b0                  _IPC6 = 0xb0
                    0x00b0                  _IPC6bits = 0xb0
                    0x00b2                  IPC7 = 0xb2
                    0x00b2                  _IPC7 = 0xb2
                    0x00b2                  _IPC7bits = 0xb2
                    0x00b4                  IPC8 = 0xb4
                    0x00b4                  _IPC8 = 0xb4
                    0x00b4                  _IPC8bits = 0xb4
                    0x00b6                  IPC9 = 0xb6
                    0x00b6                  _IPC9 = 0xb6
                    0x00b6                  _IPC9bits = 0xb6
                    0x00b8                  IPC10 = 0xb8
                    0x00b8                  _IPC10 = 0xb8
                    0x00b8                  _IPC10bits = 0xb8
                    0x00ba                  IPC11 = 0xba
                    0x00ba                  _IPC11 = 0xba
                    0x00ba                  _IPC11bits = 0xba
                    0x00bc                  IPC12 = 0xbc
                    0x00bc                  _IPC12 = 0xbc
                    0x00bc                  _IPC12bits = 0xbc
                    0x00be                  IPC13 = 0xbe
                    0x00be                  _IPC13 = 0xbe
                    0x00be                  _IPC13bits = 0xbe
                    0x00c0                  IPC14 = 0xc0
                    0x00c0                  _IPC14 = 0xc0
                    0x00c0                  _IPC14bits = 0xc0
                    0x00c2                  IPC15 = 0xc2
                    0x00c2                  _IPC15 = 0xc2
                    0x00c2                  _IPC15bits = 0xc2
                    0x00c4                  IPC16 = 0xc4
                    0x00c4                  _IPC16 = 0xc4
                    0x00c4                  _IPC16bits = 0xc4
                    0x00c6                  IPC17 = 0xc6
                    0x00c6                  _IPC17 = 0xc6
                    0x00c6                  _IPC17bits = 0xc6
                    0x00e0                  INTTREG = 0xe0
                    0x00e0                  _INTTREG = 0xe0
                    0x00e0                  _INTTREGbits = 0xe0
                    0x0100                  TMR1 = 0x100
                    0x0100                  _TMR1 = 0x100
                    0x0102                  PR1 = 0x102
                    0x0102                  _PR1 = 0x102
                    0x0104                  T1CON = 0x104
                    0x0104                  _T1CON = 0x104
                    0x0104                  _T1CONbits = 0x104
                    0x0106                  TMR2 = 0x106
                    0x0106                  _TMR2 = 0x106
                    0x0108                  TMR3HLD = 0x108
                    0x0108                  _TMR3HLD = 0x108
                    0x010a                  TMR3 = 0x10a
                    0x010a                  _TMR3 = 0x10a
                    0x010c                  PR2 = 0x10c
                    0x010c                  _PR2 = 0x10c
                    0x010e                  PR3 = 0x10e
                    0x010e                  _PR3 = 0x10e
                    0x0110                  T2CON = 0x110
                    0x0110                  _T2CON = 0x110
                    0x0110                  _T2CONbits = 0x110
                    0x0112                  T3CON = 0x112
                    0x0112                  _T3CON = 0x112
                    0x0112                  _T3CONbits = 0x112
                    0x0114                  TMR4 = 0x114
                    0x0114                  _TMR4 = 0x114
                    0x0116                  TMR5HLD = 0x116
                    0x0116                  _TMR5HLD = 0x116
                    0x0118                  TMR5 = 0x118
                    0x0118                  _TMR5 = 0x118
                    0x011a                  PR4 = 0x11a
                    0x011a                  _PR4 = 0x11a
                    0x011c                  PR5 = 0x11c
                    0x011c                  _PR5 = 0x11c
                    0x011e                  T4CON = 0x11e
                    0x011e                  _T4CON = 0x11e
                    0x011e                  _T4CONbits = 0x11e
                    0x0120                  T5CON = 0x120
                    0x0120                  _T5CON = 0x120
                    0x0120                  _T5CONbits = 0x120
                    0x0122                  TMR6 = 0x122
                    0x0122                  _TMR6 = 0x122
                    0x0124                  TMR7HLD = 0x124
                    0x0124                  _TMR7HLD = 0x124
                    0x0126                  TMR7 = 0x126
                    0x0126                  _TMR7 = 0x126
                    0x0128                  PR6 = 0x128
                    0x0128                  _PR6 = 0x128
                    0x012a                  PR7 = 0x12a
                    0x012a                  _PR7 = 0x12a
                    0x012c                  T6CON = 0x12c
                    0x012c                  _T6CON = 0x12c
                    0x012c                  _T6CONbits = 0x12c
                    0x012e                  T7CON = 0x12e
                    0x012e                  _T7CON = 0x12e
                    0x012e                  _T7CONbits = 0x12e
                    0x0130                  TMR8 = 0x130
                    0x0130                  _TMR8 = 0x130
                    0x0132                  TMR9HLD = 0x132
                    0x0132                  _TMR9HLD = 0x132
                    0x0134                  TMR9 = 0x134
                    0x0134                  _TMR9 = 0x134
                    0x0136                  PR8 = 0x136
                    0x0136                  _PR8 = 0x136
                    0x0138                  PR9 = 0x138
                    0x0138                  _PR9 = 0x138
                    0x013a                  T8CON = 0x13a
                    0x013a                  _T8CON = 0x13a
                    0x013a                  _T8CONbits = 0x13a
                    0x013c                  T9CON = 0x13c
                    0x013c                  _T9CON = 0x13c
                    0x013c                  _T9CONbits = 0x13c
                    0x0140                  IC1BUF = 0x140
                    0x0140                  _IC1BUF = 0x140
                    0x0142                  IC1CON = 0x142
                    0x0142                  _IC1CON = 0x142
                    0x0142                  _IC1CONbits = 0x142
                    0x0144                  IC2BUF = 0x144
                    0x0144                  _IC2BUF = 0x144
                    0x0146                  IC2CON = 0x146
                    0x0146                  _IC2CON = 0x146
                    0x0146                  _IC2CONbits = 0x146
                    0x0148                  IC3BUF = 0x148
                    0x0148                  _IC3BUF = 0x148
                    0x014a                  IC3CON = 0x14a
                    0x014a                  _IC3CON = 0x14a
                    0x014a                  _IC3CONbits = 0x14a
                    0x014c                  IC4BUF = 0x14c
                    0x014c                  _IC4BUF = 0x14c
                    0x014e                  IC4CON = 0x14e
                    0x014e                  _IC4CON = 0x14e
                    0x014e                  _IC4CONbits = 0x14e
                    0x0150                  IC5BUF = 0x150
                    0x0150                  _IC5BUF = 0x150
                    0x0152                  IC5CON = 0x152
                    0x0152                  _IC5CON = 0x152
                    0x0152                  _IC5CONbits = 0x152
                    0x0154                  IC6BUF = 0x154
                    0x0154                  _IC6BUF = 0x154
                    0x0156                  IC6CON = 0x156
                    0x0156                  _IC6CON = 0x156
                    0x0156                  _IC6CONbits = 0x156
                    0x0158                  IC7BUF = 0x158
                    0x0158                  _IC7BUF = 0x158
                    0x015a                  IC7CON = 0x15a
                    0x015a                  _IC7CON = 0x15a
                    0x015a                  _IC7CONbits = 0x15a
                    0x015c                  IC8BUF = 0x15c
                    0x015c                  _IC8BUF = 0x15c
                    0x015e                  IC8CON = 0x15e
                    0x015e                  _IC8CON = 0x15e
                    0x015e                  _IC8CONbits = 0x15e
                    0x0180                  OC1RS = 0x180
                    0x0180                  _OC1RS = 0x180
                    0x0182                  OC1R = 0x182
                    0x0182                  _OC1R = 0x182
                    0x0184                  OC1CON = 0x184
                    0x0184                  _OC1CON = 0x184
                    0x0184                  _OC1CONbits = 0x184
                    0x0186                  OC2RS = 0x186
                    0x0186                  _OC2RS = 0x186
                    0x0188                  OC2R = 0x188
                    0x0188                  _OC2R = 0x188
                    0x018a                  OC2CON = 0x18a
                    0x018a                  _OC2CON = 0x18a
                    0x018a                  _OC2CONbits = 0x18a
                    0x018c                  OC3RS = 0x18c
                    0x018c                  _OC3RS = 0x18c
                    0x018e                  OC3R = 0x18e
                    0x018e                  _OC3R = 0x18e
                    0x0190                  OC3CON = 0x190
                    0x0190                  _OC3CON = 0x190
                    0x0190                  _OC3CONbits = 0x190
                    0x0192                  OC4RS = 0x192
                    0x0192                  _OC4RS = 0x192
                    0x0194                  OC4R = 0x194
                    0x0194                  _OC4R = 0x194
                    0x0196                  OC4CON = 0x196
                    0x0196                  _OC4CON = 0x196
                    0x0196                  _OC4CONbits = 0x196
                    0x0198                  OC5RS = 0x198
                    0x0198                  _OC5RS = 0x198
                    0x019a                  OC5R = 0x19a
                    0x019a                  _OC5R = 0x19a
                    0x019c                  OC5CON = 0x19c
                    0x019c                  _OC5CON = 0x19c
                    0x019c                  _OC5CONbits = 0x19c
                    0x019e                  OC6RS = 0x19e
                    0x019e                  _OC6RS = 0x19e
                    0x01a0                  OC6R = 0x1a0
                    0x01a0                  _OC6R = 0x1a0